[2026-04-19T06:27:43.966+0000] {manager.py:487} INFO - Processing files using up to 2 processes at a time 
[2026-04-19T06:27:43.967+0000] {manager.py:488} INFO - Process each file at most once every 30 seconds
[2026-04-19T06:27:43.969+0000] {manager.py:489} INFO - Checking for new files in /opt/airflow/dags every 300 seconds
[2026-04-19T06:27:43.970+0000] {manager.py:759} INFO - Searching for files in /opt/airflow/dags
[2026-04-19T06:27:43.973+0000] {manager.py:762} INFO - There are 0 files in /opt/airflow/dags
[2026-04-19T06:32:44.055+0000] {manager.py:759} INFO - Searching for files in /opt/airflow/dags
[2026-04-19T06:32:44.169+0000] {manager.py:762} INFO - There are 0 files in /opt/airflow/dags
[2026-04-19T06:35:28.879+0000] {manager.py:487} INFO - Processing files using up to 2 processes at a time 
[2026-04-19T06:35:28.880+0000] {manager.py:488} INFO - Process each file at most once every 30 seconds
[2026-04-19T06:35:28.882+0000] {manager.py:489} INFO - Checking for new files in /opt/airflow/dags every 300 seconds
[2026-04-19T06:35:28.883+0000] {manager.py:759} INFO - Searching for files in /opt/airflow/dags
[2026-04-19T06:35:28.889+0000] {manager.py:762} INFO - There are 0 files in /opt/airflow/dags
[2026-04-19T06:40:28.945+0000] {manager.py:759} INFO - Searching for files in /opt/airflow/dags
[2026-04-19T06:40:29.063+0000] {manager.py:762} INFO - There are 0 files in /opt/airflow/dags
[2026-04-19T06:45:29.699+0000] {manager.py:759} INFO - Searching for files in /opt/airflow/dags
[2026-04-19T06:45:29.705+0000] {manager.py:762} INFO - There are 0 files in /opt/airflow/dags
[2026-04-19T06:50:30.227+0000] {manager.py:759} INFO - Searching for files in /opt/airflow/dags
[2026-04-19T06:50:30.231+0000] {manager.py:762} INFO - There are 0 files in /opt/airflow/dags
[2026-04-19T06:55:30.760+0000] {manager.py:759} INFO - Searching for files in /opt/airflow/dags
[2026-04-19T06:55:30.765+0000] {manager.py:762} INFO - There are 0 files in /opt/airflow/dags
[2026-04-19T07:00:31.296+0000] {manager.py:759} INFO - Searching for files in /opt/airflow/dags
[2026-04-19T07:00:31.306+0000] {manager.py:762} INFO - There are 0 files in /opt/airflow/dags
[2026-04-19T07:05:31.959+0000] {manager.py:759} INFO - Searching for files in /opt/airflow/dags
[2026-04-19T07:05:31.969+0000] {manager.py:762} INFO - There are 0 files in /opt/airflow/dags
[2026-04-19T07:06:39.379+0000] {manager.py:487} INFO - Processing files using up to 2 processes at a time 
[2026-04-19T07:06:39.380+0000] {manager.py:488} INFO - Process each file at most once every 30 seconds
[2026-04-19T07:06:39.381+0000] {manager.py:489} INFO - Checking for new files in /opt/airflow/dags every 300 seconds
[2026-04-19T07:06:39.382+0000] {manager.py:759} INFO - Searching for files in /opt/airflow/dags
[2026-04-19T07:06:39.385+0000] {manager.py:762} INFO - There are 1 files in /opt/airflow/dags
[2026-04-19T07:06:39.721+0000] {manager.py:893} INFO - 
================================================================================
DAG File Processing Stats

File Path                                   PID  Runtime      # DAGs    # Errors  Last Runtime    Last Run
----------------------------------------  -----  ---------  --------  ----------  --------------  ----------
/opt/airflow/dags/csv_to_postgres_dag.py     63  0.27s             0           0
================================================================================
[2026-04-19T07:07:09.790+0000] {manager.py:893} INFO - 
================================================================================
DAG File Processing Stats

File Path                                 PID    Runtime      # DAGs    # Errors  Last Runtime    Last Run
----------------------------------------  -----  ---------  --------  ----------  --------------  -------------------
/opt/airflow/dags/csv_to_postgres_dag.py                           1           0  1.13s           2026-04-19T07:06:40
================================================================================
[2026-04-19T07:07:40.082+0000] {manager.py:893} INFO - 
================================================================================
DAG File Processing Stats

File Path                                 PID    Runtime      # DAGs    # Errors  Last Runtime    Last Run
----------------------------------------  -----  ---------  --------  ----------  --------------  -------------------
/opt/airflow/dags/csv_to_postgres_dag.py                           1           0  1.34s           2026-04-19T07:07:12
================================================================================
[2026-04-19T07:08:10.513+0000] {manager.py:893} INFO - 
================================================================================
DAG File Processing Stats

File Path                                 PID    Runtime      # DAGs    # Errors  Last Runtime    Last Run
----------------------------------------  -----  ---------  --------  ----------  --------------  -------------------
/opt/airflow/dags/csv_to_postgres_dag.py                           1           0  1.41s           2026-04-19T07:07:43
================================================================================
[2026-04-19T07:08:40.602+0000] {manager.py:893} INFO - 
================================================================================
DAG File Processing Stats

File Path                                 PID    Runtime      # DAGs    # Errors  Last Runtime    Last Run
----------------------------------------  -----  ---------  --------  ----------  --------------  -------------------
/opt/airflow/dags/csv_to_postgres_dag.py                           1           0  0.83s           2026-04-19T07:08:14
================================================================================
[2026-04-19T07:09:11.215+0000] {manager.py:893} INFO - 
================================================================================
DAG File Processing Stats

File Path                                 PID    Runtime      # DAGs    # Errors  Last Runtime    Last Run
----------------------------------------  -----  ---------  --------  ----------  --------------  -------------------
/opt/airflow/dags/csv_to_postgres_dag.py                           1           0  0.73s           2026-04-19T07:08:45
================================================================================
[2026-04-19T07:09:41.484+0000] {manager.py:893} INFO - 
================================================================================
DAG File Processing Stats

File Path                                 PID    Runtime      # DAGs    # Errors  Last Runtime    Last Run
----------------------------------------  -----  ---------  --------  ----------  --------------  -------------------
/opt/airflow/dags/csv_to_postgres_dag.py                           1           0  0.83s           2026-04-19T07:09:16
================================================================================
[2026-04-19T07:10:11.852+0000] {manager.py:893} INFO - 
================================================================================
DAG File Processing Stats

File Path                                 PID    Runtime      # DAGs    # Errors  Last Runtime    Last Run
----------------------------------------  -----  ---------  --------  ----------  --------------  -------------------
/opt/airflow/dags/csv_to_postgres_dag.py                           1           0  0.68s           2026-04-19T07:09:47
================================================================================
[2026-04-19T07:10:42.089+0000] {manager.py:893} INFO - 
================================================================================
DAG File Processing Stats

File Path                                 PID    Runtime      # DAGs    # Errors  Last Runtime    Last Run
----------------------------------------  -----  ---------  --------  ----------  --------------  -------------------
/opt/airflow/dags/csv_to_postgres_dag.py                           1           0  0.99s           2026-04-19T07:10:18
================================================================================
[2026-04-19T07:11:12.331+0000] {manager.py:893} INFO - 
================================================================================
DAG File Processing Stats

File Path                                 PID    Runtime      # DAGs    # Errors  Last Runtime    Last Run
----------------------------------------  -----  ---------  --------  ----------  --------------  -------------------
/opt/airflow/dags/csv_to_postgres_dag.py                           1           0  0.76s           2026-04-19T07:10:49
================================================================================
[2026-04-19T07:11:39.544+0000] {manager.py:759} INFO - Searching for files in /opt/airflow/dags
[2026-04-19T07:11:39.561+0000] {manager.py:762} INFO - There are 1 files in /opt/airflow/dags
[2026-04-19T07:11:42.624+0000] {manager.py:893} INFO - 
================================================================================
DAG File Processing Stats

File Path                                 PID    Runtime      # DAGs    # Errors  Last Runtime    Last Run
----------------------------------------  -----  ---------  --------  ----------  --------------  -------------------
/opt/airflow/dags/csv_to_postgres_dag.py                           1           0  0.79s           2026-04-19T07:11:20
================================================================================
[2026-04-19T07:12:12.686+0000] {manager.py:893} INFO - 
================================================================================
DAG File Processing Stats

File Path                                 PID    Runtime      # DAGs    # Errors  Last Runtime    Last Run
----------------------------------------  -----  ---------  --------  ----------  --------------  -------------------
/opt/airflow/dags/csv_to_postgres_dag.py                           1           0  0.81s           2026-04-19T07:11:51
================================================================================
[2026-04-19T07:12:42.706+0000] {manager.py:893} INFO - 
================================================================================
DAG File Processing Stats

File Path                                 PID    Runtime      # DAGs    # Errors  Last Runtime    Last Run
----------------------------------------  -----  ---------  --------  ----------  --------------  -------------------
/opt/airflow/dags/csv_to_postgres_dag.py                           1           0  0.77s           2026-04-19T07:12:22
================================================================================
[2026-04-19T07:13:12.884+0000] {manager.py:893} INFO - 
================================================================================
DAG File Processing Stats

File Path                                 PID    Runtime      # DAGs    # Errors  Last Runtime    Last Run
----------------------------------------  -----  ---------  --------  ----------  --------------  -------------------
/opt/airflow/dags/csv_to_postgres_dag.py                           1           0  0.93s           2026-04-19T07:12:53
================================================================================
[2026-04-19T07:13:43.619+0000] {manager.py:893} INFO - 
================================================================================
DAG File Processing Stats

File Path                                 PID    Runtime      # DAGs    # Errors  Last Runtime    Last Run
----------------------------------------  -----  ---------  --------  ----------  --------------  -------------------
/opt/airflow/dags/csv_to_postgres_dag.py                           1           0  0.73s           2026-04-19T07:13:24
================================================================================
[2026-04-19T07:14:13.852+0000] {manager.py:893} INFO - 
================================================================================
DAG File Processing Stats

File Path                                 PID    Runtime      # DAGs    # Errors  Last Runtime    Last Run
----------------------------------------  -----  ---------  --------  ----------  --------------  -------------------
/opt/airflow/dags/csv_to_postgres_dag.py                           1           0  0.73s           2026-04-19T07:13:55
================================================================================
[2026-04-19T07:14:44.361+0000] {manager.py:893} INFO - 
================================================================================
DAG File Processing Stats

File Path                                 PID    Runtime      # DAGs    # Errors  Last Runtime    Last Run
----------------------------------------  -----  ---------  --------  ----------  --------------  -------------------
/opt/airflow/dags/csv_to_postgres_dag.py                           1           0  0.67s           2026-04-19T07:14:26
================================================================================
[2026-04-19T07:15:14.609+0000] {manager.py:893} INFO - 
================================================================================
DAG File Processing Stats

File Path                                 PID    Runtime      # DAGs    # Errors  Last Runtime    Last Run
----------------------------------------  -----  ---------  --------  ----------  --------------  -------------------
/opt/airflow/dags/csv_to_postgres_dag.py                           1           0  0.67s           2026-04-19T07:14:57
================================================================================
[2026-04-19T07:15:44.894+0000] {manager.py:893} INFO - 
================================================================================
DAG File Processing Stats

File Path                                 PID    Runtime      # DAGs    # Errors  Last Runtime    Last Run
----------------------------------------  -----  ---------  --------  ----------  --------------  -------------------
/opt/airflow/dags/csv_to_postgres_dag.py                           1           0  0.71s           2026-04-19T07:15:28
================================================================================
[2026-04-19T07:16:15.128+0000] {manager.py:893} INFO - 
================================================================================
DAG File Processing Stats

File Path                                 PID    Runtime      # DAGs    # Errors  Last Runtime    Last Run
----------------------------------------  -----  ---------  --------  ----------  --------------  -------------------
/opt/airflow/dags/csv_to_postgres_dag.py                           1           0  0.73s           2026-04-19T07:15:59
================================================================================
[2026-04-19T07:16:39.606+0000] {manager.py:759} INFO - Searching for files in /opt/airflow/dags
[2026-04-19T07:16:39.615+0000] {manager.py:762} INFO - There are 1 files in /opt/airflow/dags
[2026-04-19T07:16:45.370+0000] {manager.py:893} INFO - 
================================================================================
DAG File Processing Stats

File Path                                 PID    Runtime      # DAGs    # Errors  Last Runtime    Last Run
----------------------------------------  -----  ---------  --------  ----------  --------------  -------------------
/opt/airflow/dags/csv_to_postgres_dag.py                           1           0  0.85s           2026-04-19T07:16:30
================================================================================
[2026-04-19T07:17:15.606+0000] {manager.py:893} INFO - 
================================================================================
DAG File Processing Stats

File Path                                 PID    Runtime      # DAGs    # Errors  Last Runtime    Last Run
----------------------------------------  -----  ---------  --------  ----------  --------------  -------------------
/opt/airflow/dags/csv_to_postgres_dag.py                           1           0  0.69s           2026-04-19T07:17:01
================================================================================
[2026-04-19T07:17:46.165+0000] {manager.py:893} INFO - 
================================================================================
DAG File Processing Stats

File Path                                 PID    Runtime      # DAGs    # Errors  Last Runtime    Last Run
----------------------------------------  -----  ---------  --------  ----------  --------------  -------------------
/opt/airflow/dags/csv_to_postgres_dag.py                           1           0  0.72s           2026-04-19T07:17:32
================================================================================
[2026-04-19T07:18:16.407+0000] {manager.py:893} INFO - 
================================================================================
DAG File Processing Stats

File Path                                 PID    Runtime      # DAGs    # Errors  Last Runtime    Last Run
----------------------------------------  -----  ---------  --------  ----------  --------------  -------------------
/opt/airflow/dags/csv_to_postgres_dag.py                           1           0  0.75s           2026-04-19T07:18:03
================================================================================
[2026-04-19T07:18:46.673+0000] {manager.py:893} INFO - 
================================================================================
DAG File Processing Stats

File Path                                 PID    Runtime      # DAGs    # Errors  Last Runtime    Last Run
----------------------------------------  -----  ---------  --------  ----------  --------------  -------------------
/opt/airflow/dags/csv_to_postgres_dag.py                           1           0  1.08s           2026-04-19T07:18:34
================================================================================
[2026-04-19T07:19:16.688+0000] {manager.py:893} INFO - 
================================================================================
DAG File Processing Stats

File Path                                 PID    Runtime      # DAGs    # Errors  Last Runtime    Last Run
----------------------------------------  -----  ---------  --------  ----------  --------------  -------------------
/opt/airflow/dags/csv_to_postgres_dag.py                           1           0  0.74s           2026-04-19T07:19:05
================================================================================
[2026-04-19T07:19:47.240+0000] {manager.py:893} INFO - 
================================================================================
DAG File Processing Stats

File Path                                 PID    Runtime      # DAGs    # Errors  Last Runtime    Last Run
----------------------------------------  -----  ---------  --------  ----------  --------------  -------------------
/opt/airflow/dags/csv_to_postgres_dag.py                           1           0  0.67s           2026-04-19T07:19:36
================================================================================
[2026-04-19T07:20:17.477+0000] {manager.py:893} INFO - 
================================================================================
DAG File Processing Stats

File Path                                 PID    Runtime      # DAGs    # Errors  Last Runtime    Last Run
----------------------------------------  -----  ---------  --------  ----------  --------------  -------------------
/opt/airflow/dags/csv_to_postgres_dag.py                           1           0  0.64s           2026-04-19T07:20:07
================================================================================
[2026-04-19T07:20:47.738+0000] {manager.py:893} INFO - 
================================================================================
DAG File Processing Stats

File Path                                 PID    Runtime      # DAGs    # Errors  Last Runtime    Last Run
----------------------------------------  -----  ---------  --------  ----------  --------------  -------------------
/opt/airflow/dags/csv_to_postgres_dag.py                           1           0  0.65s           2026-04-19T07:20:38
================================================================================
[2026-04-19T07:21:17.973+0000] {manager.py:893} INFO - 
================================================================================
DAG File Processing Stats

File Path                                 PID    Runtime      # DAGs    # Errors  Last Runtime    Last Run
----------------------------------------  -----  ---------  --------  ----------  --------------  -------------------
/opt/airflow/dags/csv_to_postgres_dag.py                           1           0  1.75s           2026-04-19T07:21:10
================================================================================
[2026-04-19T07:21:40.142+0000] {manager.py:759} INFO - Searching for files in /opt/airflow/dags
[2026-04-19T07:21:40.152+0000] {manager.py:762} INFO - There are 1 files in /opt/airflow/dags
[2026-04-19T07:21:48.248+0000] {manager.py:893} INFO - 
================================================================================
DAG File Processing Stats

File Path                                 PID    Runtime      # DAGs    # Errors  Last Runtime    Last Run
----------------------------------------  -----  ---------  --------  ----------  --------------  -------------------
/opt/airflow/dags/csv_to_postgres_dag.py                           1           0  0.65s           2026-04-19T07:21:41
================================================================================
[2026-04-19T07:22:18.532+0000] {manager.py:893} INFO - 
================================================================================
DAG File Processing Stats

File Path                                 PID    Runtime      # DAGs    # Errors  Last Runtime    Last Run
----------------------------------------  -----  ---------  --------  ----------  --------------  -------------------
/opt/airflow/dags/csv_to_postgres_dag.py                           1           0  0.64s           2026-04-19T07:22:12
================================================================================
[2026-04-19T07:22:48.771+0000] {manager.py:893} INFO - 
================================================================================
DAG File Processing Stats

File Path                                 PID    Runtime      # DAGs    # Errors  Last Runtime    Last Run
----------------------------------------  -----  ---------  --------  ----------  --------------  -------------------
/opt/airflow/dags/csv_to_postgres_dag.py                           1           0  0.92s           2026-04-19T07:22:31
================================================================================
[2026-04-19T07:23:19.972+0000] {manager.py:893} INFO - 
================================================================================
DAG File Processing Stats

File Path                                   PID  Runtime      # DAGs    # Errors  Last Runtime    Last Run
----------------------------------------  -----  ---------  --------  ----------  --------------  -------------------
/opt/airflow/dags/csv_to_postgres_dag.py    164  16.44s            1           0  0.92s           2026-04-19T07:22:31
================================================================================
[2026-04-19T07:23:52.402+0000] {manager.py:893} INFO - 
================================================================================
DAG File Processing Stats

File Path                                   PID  Runtime      # DAGs    # Errors  Last Runtime    Last Run
----------------------------------------  -----  ---------  --------  ----------  --------------  -------------------
/opt/airflow/dags/csv_to_postgres_dag.py    164  49.02s            1           0  0.92s           2026-04-19T07:22:31
================================================================================
[2026-04-19T07:23:53.537+0000] {manager.py:1217} ERROR - Processor for /opt/airflow/dags/csv_to_postgres_dag.py with PID 164 started at 2026-04-19T07:23:03.273680+00:00 has timed out, killing it.
[2026-04-19T07:24:23.178+0000] {manager.py:893} INFO - 
================================================================================
DAG File Processing Stats

File Path                                 PID    Runtime      # DAGs    # Errors  Last Runtime    Last Run
----------------------------------------  -----  ---------  --------  ----------  --------------  -------------------
/opt/airflow/dags/csv_to_postgres_dag.py                           0           1  50.26s          2026-04-19T07:23:53
================================================================================
[2026-04-19T07:25:01.055+0000] {manager.py:893} INFO - 
================================================================================
DAG File Processing Stats

File Path                                   PID  Runtime      # DAGs    # Errors  Last Runtime    Last Run
----------------------------------------  -----  ---------  --------  ----------  --------------  -------------------
/opt/airflow/dags/csv_to_postgres_dag.py    166  36.49s            0           1  50.26s          2026-04-19T07:23:53
================================================================================
[2026-04-19T07:25:15.032+0000] {manager.py:1217} ERROR - Processor for /opt/airflow/dags/csv_to_postgres_dag.py with PID 166 started at 2026-04-19T07:24:24.225391+00:00 has timed out, killing it.
[2026-04-19T07:25:31.358+0000] {manager.py:893} INFO - 
================================================================================
DAG File Processing Stats

File Path                                 PID    Runtime      # DAGs    # Errors  Last Runtime    Last Run
----------------------------------------  -----  ---------  --------  ----------  --------------  -------------------
/opt/airflow/dags/csv_to_postgres_dag.py                           0           1  50.81s          2026-04-19T07:25:15
================================================================================
[2026-04-19T07:26:01.407+0000] {manager.py:893} INFO - 
================================================================================
DAG File Processing Stats

File Path                                 PID    Runtime      # DAGs    # Errors  Last Runtime    Last Run
----------------------------------------  -----  ---------  --------  ----------  --------------  -------------------
/opt/airflow/dags/csv_to_postgres_dag.py                           1           0  4.60s           2026-04-19T07:25:50
================================================================================
[2026-04-19T07:26:31.700+0000] {manager.py:893} INFO - 
================================================================================
DAG File Processing Stats

File Path                                 PID    Runtime      # DAGs    # Errors  Last Runtime    Last Run
----------------------------------------  -----  ---------  --------  ----------  --------------  -------------------
/opt/airflow/dags/csv_to_postgres_dag.py                           1           0  1.38s           2026-04-19T07:26:21
================================================================================
[2026-04-19T07:26:40.772+0000] {manager.py:759} INFO - Searching for files in /opt/airflow/dags
[2026-04-19T07:26:40.798+0000] {manager.py:762} INFO - There are 1 files in /opt/airflow/dags
[2026-04-19T07:27:02.324+0000] {manager.py:893} INFO - 
================================================================================
DAG File Processing Stats

File Path                                 PID    Runtime      # DAGs    # Errors  Last Runtime    Last Run
----------------------------------------  -----  ---------  --------  ----------  --------------  -------------------
/opt/airflow/dags/csv_to_postgres_dag.py                           1           0  1.31s           2026-04-19T07:26:53
================================================================================
[2026-04-19T07:31:28.591+0000] {manager.py:487} INFO - Processing files using up to 2 processes at a time 
[2026-04-19T07:31:28.592+0000] {manager.py:488} INFO - Process each file at most once every 30 seconds
[2026-04-19T07:31:28.594+0000] {manager.py:489} INFO - Checking for new files in /opt/airflow/dags every 300 seconds
[2026-04-19T07:31:28.595+0000] {manager.py:759} INFO - Searching for files in /opt/airflow/dags
[2026-04-19T07:31:28.601+0000] {manager.py:762} INFO - There are 1 files in /opt/airflow/dags
[2026-04-19T07:31:29.187+0000] {manager.py:893} INFO - 
================================================================================
DAG File Processing Stats

File Path                                   PID  Runtime      # DAGs    # Errors  Last Runtime    Last Run
----------------------------------------  -----  ---------  --------  ----------  --------------  ----------
/opt/airflow/dags/csv_to_postgres_dag.py     38  0.08s             0           0
================================================================================
[2026-04-19T07:31:59.677+0000] {manager.py:893} INFO - 
================================================================================
DAG File Processing Stats

File Path                                 PID    Runtime      # DAGs    # Errors  Last Runtime    Last Run
----------------------------------------  -----  ---------  --------  ----------  --------------  -------------------
/opt/airflow/dags/csv_to_postgres_dag.py                           1           0  2.12s           2026-04-19T07:31:31
================================================================================
[2026-04-19T07:32:30.277+0000] {manager.py:893} INFO - 
================================================================================
DAG File Processing Stats

File Path                                 PID    Runtime      # DAGs    # Errors  Last Runtime    Last Run
----------------------------------------  -----  ---------  --------  ----------  --------------  -------------------
/opt/airflow/dags/csv_to_postgres_dag.py                           1           0  4.08s           2026-04-19T07:32:06
================================================================================
[2026-04-19T07:33:00.532+0000] {manager.py:893} INFO - 
================================================================================
DAG File Processing Stats

File Path                                 PID    Runtime      # DAGs    # Errors  Last Runtime    Last Run
----------------------------------------  -----  ---------  --------  ----------  --------------  -------------------
/opt/airflow/dags/csv_to_postgres_dag.py                           1           0  0.71s           2026-04-19T07:32:37
================================================================================
[2026-04-19T07:33:30.773+0000] {manager.py:893} INFO - 
================================================================================
DAG File Processing Stats

File Path                                 PID    Runtime      # DAGs    # Errors  Last Runtime    Last Run
----------------------------------------  -----  ---------  --------  ----------  --------------  -------------------
/opt/airflow/dags/csv_to_postgres_dag.py                           1           0  0.78s           2026-04-19T07:33:08
================================================================================
[2026-04-19T07:34:01.016+0000] {manager.py:893} INFO - 
================================================================================
DAG File Processing Stats

File Path                                 PID    Runtime      # DAGs    # Errors  Last Runtime    Last Run
----------------------------------------  -----  ---------  --------  ----------  --------------  -------------------
/opt/airflow/dags/csv_to_postgres_dag.py                           1           0  0.78s           2026-04-19T07:33:39
================================================================================
[2026-04-19T07:34:31.239+0000] {manager.py:893} INFO - 
================================================================================
DAG File Processing Stats

File Path                                 PID    Runtime      # DAGs    # Errors  Last Runtime    Last Run
----------------------------------------  -----  ---------  --------  ----------  --------------  -------------------
/opt/airflow/dags/csv_to_postgres_dag.py                           1           0  0.67s           2026-04-19T07:34:10
================================================================================
[2026-04-19T07:35:01.266+0000] {manager.py:893} INFO - 
================================================================================
DAG File Processing Stats

File Path                                 PID    Runtime      # DAGs    # Errors  Last Runtime    Last Run
----------------------------------------  -----  ---------  --------  ----------  --------------  -------------------
/opt/airflow/dags/csv_to_postgres_dag.py                           1           0  0.78s           2026-04-19T07:34:41
================================================================================
[2026-04-19T07:35:32.121+0000] {manager.py:893} INFO - 
================================================================================
DAG File Processing Stats

File Path                                 PID    Runtime      # DAGs    # Errors  Last Runtime    Last Run
----------------------------------------  -----  ---------  --------  ----------  --------------  -------------------
/opt/airflow/dags/csv_to_postgres_dag.py                           1           0  0.74s           2026-04-19T07:35:12
================================================================================
[2026-04-19T07:36:02.483+0000] {manager.py:893} INFO - 
================================================================================
DAG File Processing Stats

File Path                                 PID    Runtime      # DAGs    # Errors  Last Runtime    Last Run
----------------------------------------  -----  ---------  --------  ----------  --------------  -------------------
/opt/airflow/dags/csv_to_postgres_dag.py                           1           0  0.67s           2026-04-19T07:35:42
================================================================================
[2026-04-19T07:36:28.692+0000] {manager.py:759} INFO - Searching for files in /opt/airflow/dags
[2026-04-19T07:36:28.723+0000] {manager.py:762} INFO - There are 1 files in /opt/airflow/dags
[2026-04-19T07:36:32.823+0000] {manager.py:893} INFO - 
================================================================================
DAG File Processing Stats

File Path                                 PID    Runtime      # DAGs    # Errors  Last Runtime    Last Run
----------------------------------------  -----  ---------  --------  ----------  --------------  -------------------
/opt/airflow/dags/csv_to_postgres_dag.py                           1           0  0.81s           2026-04-19T07:36:13
================================================================================
[2026-04-19T07:37:03.071+0000] {manager.py:893} INFO - 
================================================================================
DAG File Processing Stats

File Path                                 PID    Runtime      # DAGs    # Errors  Last Runtime    Last Run
----------------------------------------  -----  ---------  --------  ----------  --------------  -------------------
/opt/airflow/dags/csv_to_postgres_dag.py                           1           0  0.86s           2026-04-19T07:36:45
================================================================================
[2026-04-19T07:37:33.271+0000] {manager.py:893} INFO - 
================================================================================
DAG File Processing Stats

File Path                                 PID    Runtime      # DAGs    # Errors  Last Runtime    Last Run
----------------------------------------  -----  ---------  --------  ----------  --------------  -------------------
/opt/airflow/dags/csv_to_postgres_dag.py                           1           0  0.94s           2026-04-19T07:37:16
================================================================================
[2026-04-19T07:38:03.622+0000] {manager.py:893} INFO - 
================================================================================
DAG File Processing Stats

File Path                                 PID    Runtime      # DAGs    # Errors  Last Runtime    Last Run
----------------------------------------  -----  ---------  --------  ----------  --------------  -------------------
/opt/airflow/dags/csv_to_postgres_dag.py                           1           0  0.66s           2026-04-19T07:37:47
================================================================================
[2026-04-19T07:38:33.877+0000] {manager.py:893} INFO - 
================================================================================
DAG File Processing Stats

File Path                                 PID    Runtime      # DAGs    # Errors  Last Runtime    Last Run
----------------------------------------  -----  ---------  --------  ----------  --------------  -------------------
/opt/airflow/dags/csv_to_postgres_dag.py                           1           0  0.78s           2026-04-19T07:38:18
================================================================================
[2026-04-19T07:39:04.092+0000] {manager.py:893} INFO - 
================================================================================
DAG File Processing Stats

File Path                                 PID    Runtime      # DAGs    # Errors  Last Runtime    Last Run
----------------------------------------  -----  ---------  --------  ----------  --------------  -------------------
/opt/airflow/dags/csv_to_postgres_dag.py                           1           0  0.65s           2026-04-19T07:38:48
================================================================================
[2026-04-19T07:39:34.680+0000] {manager.py:893} INFO - 
================================================================================
DAG File Processing Stats

File Path                                 PID    Runtime      # DAGs    # Errors  Last Runtime    Last Run
----------------------------------------  -----  ---------  --------  ----------  --------------  -------------------
/opt/airflow/dags/csv_to_postgres_dag.py                           1           0  0.65s           2026-04-19T07:39:19
================================================================================
[2026-04-19T07:40:04.924+0000] {manager.py:893} INFO - 
================================================================================
DAG File Processing Stats

File Path                                 PID    Runtime      # DAGs    # Errors  Last Runtime    Last Run
----------------------------------------  -----  ---------  --------  ----------  --------------  -------------------
/opt/airflow/dags/csv_to_postgres_dag.py                           1           0  2.75s           2026-04-19T07:39:52
================================================================================
[2026-04-19T07:40:35.202+0000] {manager.py:893} INFO - 
================================================================================
DAG File Processing Stats

File Path                                 PID    Runtime      # DAGs    # Errors  Last Runtime    Last Run
----------------------------------------  -----  ---------  --------  ----------  --------------  -------------------
/opt/airflow/dags/csv_to_postgres_dag.py                           1           0  0.65s           2026-04-19T07:40:23
================================================================================
[2026-04-19T07:41:05.469+0000] {manager.py:893} INFO - 
================================================================================
DAG File Processing Stats

File Path                                 PID    Runtime      # DAGs    # Errors  Last Runtime    Last Run
----------------------------------------  -----  ---------  --------  ----------  --------------  -------------------
/opt/airflow/dags/csv_to_postgres_dag.py                           1           0  0.72s           2026-04-19T07:40:54
================================================================================
[2026-04-19T07:41:47.902+0000] {manager.py:487} INFO - Processing files using up to 2 processes at a time 
[2026-04-19T07:41:47.903+0000] {manager.py:488} INFO - Process each file at most once every 30 seconds
[2026-04-19T07:41:47.904+0000] {manager.py:489} INFO - Checking for new files in /opt/airflow/dags every 300 seconds
[2026-04-19T07:41:47.905+0000] {manager.py:759} INFO - Searching for files in /opt/airflow/dags
[2026-04-19T07:41:47.915+0000] {manager.py:762} INFO - There are 1 files in /opt/airflow/dags
[2026-04-19T07:41:48.212+0000] {manager.py:893} INFO - 
================================================================================
DAG File Processing Stats

File Path                                   PID  Runtime      # DAGs    # Errors  Last Runtime    Last Run
----------------------------------------  -----  ---------  --------  ----------  --------------  ----------
/opt/airflow/dags/csv_to_postgres_dag.py    171  0.07s             0           0
================================================================================
[2026-04-19T07:42:18.516+0000] {manager.py:893} INFO - 
================================================================================
DAG File Processing Stats

File Path                                 PID    Runtime      # DAGs    # Errors  Last Runtime    Last Run
----------------------------------------  -----  ---------  --------  ----------  --------------  -------------------
/opt/airflow/dags/csv_to_postgres_dag.py                           1           0  3.77s           2026-04-19T07:41:51
================================================================================
[2026-04-19T07:42:48.625+0000] {manager.py:893} INFO - 
================================================================================
DAG File Processing Stats

File Path                                 PID    Runtime      # DAGs    # Errors  Last Runtime    Last Run
----------------------------------------  -----  ---------  --------  ----------  --------------  -------------------
/opt/airflow/dags/csv_to_postgres_dag.py                           1           0  5.07s           2026-04-19T07:42:27
================================================================================
[2026-04-19T07:43:18.816+0000] {manager.py:893} INFO - 
================================================================================
DAG File Processing Stats

File Path                                 PID    Runtime      # DAGs    # Errors  Last Runtime    Last Run
----------------------------------------  -----  ---------  --------  ----------  --------------  -------------------
/opt/airflow/dags/csv_to_postgres_dag.py                           1           0  0.94s           2026-04-19T07:42:58
================================================================================
[2026-04-19T07:43:48.988+0000] {manager.py:893} INFO - 
================================================================================
DAG File Processing Stats

File Path                                 PID    Runtime      # DAGs    # Errors  Last Runtime    Last Run
----------------------------------------  -----  ---------  --------  ----------  --------------  -------------------
/opt/airflow/dags/csv_to_postgres_dag.py                           1           0  0.90s           2026-04-19T07:43:29
================================================================================
[2026-04-19T07:44:19.387+0000] {manager.py:893} INFO - 
================================================================================
DAG File Processing Stats

File Path                                 PID    Runtime      # DAGs    # Errors  Last Runtime    Last Run
----------------------------------------  -----  ---------  --------  ----------  --------------  -------------------
/opt/airflow/dags/csv_to_postgres_dag.py                           1           0  1.45s           2026-04-19T07:44:12
================================================================================
[2026-04-19T07:45:43.088+0000] {manager.py:487} INFO - Processing files using up to 2 processes at a time 
[2026-04-19T07:45:43.094+0000] {manager.py:488} INFO - Process each file at most once every 30 seconds
[2026-04-19T07:45:43.096+0000] {manager.py:489} INFO - Checking for new files in /opt/airflow/dags every 300 seconds
[2026-04-19T07:45:43.097+0000] {manager.py:759} INFO - Searching for files in /opt/airflow/dags
[2026-04-19T07:45:43.113+0000] {manager.py:762} INFO - There are 1 files in /opt/airflow/dags
[2026-04-19T07:45:43.463+0000] {manager.py:893} INFO - 
================================================================================
DAG File Processing Stats

File Path                                   PID  Runtime      # DAGs    # Errors  Last Runtime    Last Run
----------------------------------------  -----  ---------  --------  ----------  --------------  ----------
/opt/airflow/dags/csv_to_postgres_dag.py    172  0.08s             0           0
================================================================================
[2026-04-19T07:46:10.989+0000] {manager.py:469} INFO - Exiting gracefully upon receiving signal 15
[2026-04-19T07:46:57.219+0000] {manager.py:487} INFO - Processing files using up to 2 processes at a time 
[2026-04-19T07:46:57.220+0000] {manager.py:488} INFO - Process each file at most once every 30 seconds
[2026-04-19T07:46:57.221+0000] {manager.py:489} INFO - Checking for new files in /opt/airflow/dags every 300 seconds
[2026-04-19T07:46:57.221+0000] {manager.py:759} INFO - Searching for files in /opt/airflow/dags
[2026-04-19T07:46:57.228+0000] {manager.py:762} INFO - There are 1 files in /opt/airflow/dags
[2026-04-19T07:46:57.446+0000] {manager.py:893} INFO - 
================================================================================
DAG File Processing Stats

File Path                                   PID  Runtime      # DAGs    # Errors  Last Runtime    Last Run
----------------------------------------  -----  ---------  --------  ----------  --------------  ----------
/opt/airflow/dags/csv_to_postgres_dag.py    171  0.05s             0           0
================================================================================
[2026-04-19T07:47:27.452+0000] {manager.py:893} INFO - 
================================================================================
DAG File Processing Stats

File Path                                 PID    Runtime      # DAGs    # Errors  Last Runtime    Last Run
----------------------------------------  -----  ---------  --------  ----------  --------------  -------------------
/opt/airflow/dags/csv_to_postgres_dag.py                           1           0  1.85s           2026-04-19T07:46:59
================================================================================
[2026-04-19T07:47:57.946+0000] {manager.py:893} INFO - 
================================================================================
DAG File Processing Stats

File Path                                 PID    Runtime      # DAGs    # Errors  Last Runtime    Last Run
----------------------------------------  -----  ---------  --------  ----------  --------------  -------------------
/opt/airflow/dags/csv_to_postgres_dag.py                           1           0  1.59s           2026-04-19T07:47:31
================================================================================
[2026-04-19T07:48:28.186+0000] {manager.py:893} INFO - 
================================================================================
DAG File Processing Stats

File Path                                 PID    Runtime      # DAGs    # Errors  Last Runtime    Last Run
----------------------------------------  -----  ---------  --------  ----------  --------------  -------------------
/opt/airflow/dags/csv_to_postgres_dag.py                           1           0  2.84s           2026-04-19T07:48:04
================================================================================
[2026-04-19T07:48:58.334+0000] {manager.py:893} INFO - 
================================================================================
DAG File Processing Stats

File Path                                 PID    Runtime      # DAGs    # Errors  Last Runtime    Last Run
----------------------------------------  -----  ---------  --------  ----------  --------------  -------------------
/opt/airflow/dags/csv_to_postgres_dag.py                           1           0  0.90s           2026-04-19T07:48:35
================================================================================
[2026-04-19T07:51:31.129+0000] {manager.py:487} INFO - Processing files using up to 2 processes at a time 
[2026-04-19T07:51:31.130+0000] {manager.py:488} INFO - Process each file at most once every 30 seconds
[2026-04-19T07:51:31.131+0000] {manager.py:489} INFO - Checking for new files in /opt/airflow/dags every 300 seconds
[2026-04-19T07:51:31.131+0000] {manager.py:759} INFO - Searching for files in /opt/airflow/dags
[2026-04-19T07:51:31.135+0000] {manager.py:762} INFO - There are 1 files in /opt/airflow/dags
[2026-04-19T07:51:31.354+0000] {manager.py:893} INFO - 
================================================================================
DAG File Processing Stats

File Path                                   PID  Runtime      # DAGs    # Errors  Last Runtime    Last Run
----------------------------------------  -----  ---------  --------  ----------  --------------  ----------
/opt/airflow/dags/csv_to_postgres_dag.py    172  0.07s             0           0
================================================================================
[2026-04-19T07:52:01.539+0000] {manager.py:893} INFO - 
================================================================================
DAG File Processing Stats

File Path                                 PID    Runtime      # DAGs    # Errors  Last Runtime    Last Run
----------------------------------------  -----  ---------  --------  ----------  --------------  -------------------
/opt/airflow/dags/csv_to_postgres_dag.py                           1           0  2.00s           2026-04-19T07:51:33
================================================================================
[2026-04-19T07:52:37.225+0000] {manager.py:487} INFO - Processing files using up to 2 processes at a time 
[2026-04-19T07:52:37.226+0000] {manager.py:488} INFO - Process each file at most once every 30 seconds
[2026-04-19T07:52:37.228+0000] {manager.py:489} INFO - Checking for new files in /opt/airflow/dags every 300 seconds
[2026-04-19T07:52:37.230+0000] {manager.py:759} INFO - Searching for files in /opt/airflow/dags
[2026-04-19T07:52:37.247+0000] {manager.py:762} INFO - There are 1 files in /opt/airflow/dags
[2026-04-19T07:52:37.507+0000] {manager.py:893} INFO - 
================================================================================
DAG File Processing Stats

File Path                                   PID  Runtime      # DAGs    # Errors  Last Runtime    Last Run
----------------------------------------  -----  ---------  --------  ----------  --------------  ----------
/opt/airflow/dags/csv_to_postgres_dag.py    179  0.07s             0           0
================================================================================
[2026-04-19T07:53:07.739+0000] {manager.py:893} INFO - 
================================================================================
DAG File Processing Stats

File Path                                 PID    Runtime      # DAGs    # Errors  Last Runtime    Last Run
----------------------------------------  -----  ---------  --------  ----------  --------------  -------------------
/opt/airflow/dags/csv_to_postgres_dag.py                           1           0  2.25s           2026-04-19T07:52:39
================================================================================
[2026-04-19T07:53:37.986+0000] {manager.py:893} INFO - 
================================================================================
DAG File Processing Stats

File Path                                 PID    Runtime      # DAGs    # Errors  Last Runtime    Last Run
----------------------------------------  -----  ---------  --------  ----------  --------------  -------------------
/opt/airflow/dags/csv_to_postgres_dag.py                           1           0  1.86s           2026-04-19T07:53:11
================================================================================
[2026-04-19T07:54:08.249+0000] {manager.py:893} INFO - 
================================================================================
DAG File Processing Stats

File Path                                 PID    Runtime      # DAGs    # Errors  Last Runtime    Last Run
----------------------------------------  -----  ---------  --------  ----------  --------------  -------------------
/opt/airflow/dags/csv_to_postgres_dag.py                           1           0  2.04s           2026-04-19T07:53:44
================================================================================
[2026-04-19T07:54:38.537+0000] {manager.py:893} INFO - 
================================================================================
DAG File Processing Stats

File Path                                 PID    Runtime      # DAGs    # Errors  Last Runtime    Last Run
----------------------------------------  -----  ---------  --------  ----------  --------------  -------------------
/opt/airflow/dags/csv_to_postgres_dag.py                           1           0  1.49s           2026-04-19T07:54:15
================================================================================
[2026-04-19T07:55:08.729+0000] {manager.py:893} INFO - 
================================================================================
DAG File Processing Stats

File Path                                 PID    Runtime      # DAGs    # Errors  Last Runtime    Last Run
----------------------------------------  -----  ---------  --------  ----------  --------------  -------------------
/opt/airflow/dags/csv_to_postgres_dag.py                           1           0  1.51s           2026-04-19T07:54:47
================================================================================
[2026-04-19T07:55:38.981+0000] {manager.py:893} INFO - 
================================================================================
DAG File Processing Stats

File Path                                 PID    Runtime      # DAGs    # Errors  Last Runtime    Last Run
----------------------------------------  -----  ---------  --------  ----------  --------------  -------------------
/opt/airflow/dags/csv_to_postgres_dag.py                           1           0  0.69s           2026-04-19T07:55:18
================================================================================
[2026-04-19T07:56:09.276+0000] {manager.py:893} INFO - 
================================================================================
DAG File Processing Stats

File Path                                 PID    Runtime      # DAGs    # Errors  Last Runtime    Last Run
----------------------------------------  -----  ---------  --------  ----------  --------------  -------------------
/opt/airflow/dags/csv_to_postgres_dag.py                           1           0  0.87s           2026-04-19T07:55:49
================================================================================
[2026-04-19T07:56:39.534+0000] {manager.py:893} INFO - 
================================================================================
DAG File Processing Stats

File Path                                 PID    Runtime      # DAGs    # Errors  Last Runtime    Last Run
----------------------------------------  -----  ---------  --------  ----------  --------------  -------------------
/opt/airflow/dags/csv_to_postgres_dag.py                           1           0  0.79s           2026-04-19T07:56:20
================================================================================
[2026-04-19T07:57:09.644+0000] {manager.py:893} INFO - 
================================================================================
DAG File Processing Stats

File Path                                 PID    Runtime      # DAGs    # Errors  Last Runtime    Last Run
----------------------------------------  -----  ---------  --------  ----------  --------------  -------------------
/opt/airflow/dags/csv_to_postgres_dag.py                           1           0  0.91s           2026-04-19T07:56:51
================================================================================
[2026-04-19T07:57:37.620+0000] {manager.py:759} INFO - Searching for files in /opt/airflow/dags
[2026-04-19T07:57:37.629+0000] {manager.py:762} INFO - There are 1 files in /opt/airflow/dags
[2026-04-19T07:57:39.685+0000] {manager.py:893} INFO - 
================================================================================
DAG File Processing Stats

File Path                                 PID    Runtime      # DAGs    # Errors  Last Runtime    Last Run
----------------------------------------  -----  ---------  --------  ----------  --------------  -------------------
/opt/airflow/dags/csv_to_postgres_dag.py                           1           0  0.75s           2026-04-19T07:57:22
================================================================================
[2026-04-19T07:58:10.192+0000] {manager.py:893} INFO - 
================================================================================
DAG File Processing Stats

File Path                                 PID    Runtime      # DAGs    # Errors  Last Runtime    Last Run
----------------------------------------  -----  ---------  --------  ----------  --------------  -------------------
/opt/airflow/dags/csv_to_postgres_dag.py                           1           0  0.72s           2026-04-19T07:57:53
================================================================================
[2026-04-19T07:58:40.451+0000] {manager.py:893} INFO - 
================================================================================
DAG File Processing Stats

File Path                                 PID    Runtime      # DAGs    # Errors  Last Runtime    Last Run
----------------------------------------  -----  ---------  --------  ----------  --------------  -------------------
/opt/airflow/dags/csv_to_postgres_dag.py                           1           0  0.68s           2026-04-19T07:58:24
================================================================================
[2026-04-19T07:59:10.834+0000] {manager.py:893} INFO - 
================================================================================
DAG File Processing Stats

File Path                                 PID    Runtime      # DAGs    # Errors  Last Runtime    Last Run
----------------------------------------  -----  ---------  --------  ----------  --------------  -------------------
/opt/airflow/dags/csv_to_postgres_dag.py                           1           0  0.66s           2026-04-19T07:58:55
================================================================================
[2026-04-19T07:59:41.095+0000] {manager.py:893} INFO - 
================================================================================
DAG File Processing Stats

File Path                                 PID    Runtime      # DAGs    # Errors  Last Runtime    Last Run
----------------------------------------  -----  ---------  --------  ----------  --------------  -------------------
/opt/airflow/dags/csv_to_postgres_dag.py                           1           0  0.66s           2026-04-19T07:59:26
================================================================================
[2026-04-19T08:00:11.496+0000] {manager.py:893} INFO - 
================================================================================
DAG File Processing Stats

File Path                                 PID    Runtime      # DAGs    # Errors  Last Runtime    Last Run
----------------------------------------  -----  ---------  --------  ----------  --------------  -------------------
/opt/airflow/dags/csv_to_postgres_dag.py                           1           0  0.66s           2026-04-19T07:59:56
================================================================================
[2026-04-19T08:00:41.746+0000] {manager.py:893} INFO - 
================================================================================
DAG File Processing Stats

File Path                                 PID    Runtime      # DAGs    # Errors  Last Runtime    Last Run
----------------------------------------  -----  ---------  --------  ----------  --------------  -------------------
/opt/airflow/dags/csv_to_postgres_dag.py                           1           0  0.66s           2026-04-19T08:00:27
================================================================================
[2026-04-19T08:01:12.103+0000] {manager.py:893} INFO - 
================================================================================
DAG File Processing Stats

File Path                                 PID    Runtime      # DAGs    # Errors  Last Runtime    Last Run
----------------------------------------  -----  ---------  --------  ----------  --------------  -------------------
/opt/airflow/dags/csv_to_postgres_dag.py                           1           0  0.71s           2026-04-19T08:00:58
================================================================================
[2026-04-19T08:01:42.349+0000] {manager.py:893} INFO - 
================================================================================
DAG File Processing Stats

File Path                                 PID    Runtime      # DAGs    # Errors  Last Runtime    Last Run
----------------------------------------  -----  ---------  --------  ----------  --------------  -------------------
/opt/airflow/dags/csv_to_postgres_dag.py                           1           0  0.64s           2026-04-19T08:01:29
================================================================================
[2026-04-19T08:02:12.803+0000] {manager.py:893} INFO - 
================================================================================
DAG File Processing Stats

File Path                                 PID    Runtime      # DAGs    # Errors  Last Runtime    Last Run
----------------------------------------  -----  ---------  --------  ----------  --------------  -------------------
/opt/airflow/dags/csv_to_postgres_dag.py                           1           0  0.66s           2026-04-19T08:02:00
================================================================================
[2026-04-19T08:02:38.007+0000] {manager.py:759} INFO - Searching for files in /opt/airflow/dags
[2026-04-19T08:02:38.016+0000] {manager.py:762} INFO - There are 1 files in /opt/airflow/dags
[2026-04-19T08:02:43.088+0000] {manager.py:893} INFO - 
================================================================================
DAG File Processing Stats

File Path                                 PID    Runtime      # DAGs    # Errors  Last Runtime    Last Run
----------------------------------------  -----  ---------  --------  ----------  --------------  -------------------
/opt/airflow/dags/csv_to_postgres_dag.py                           1           0  0.65s           2026-04-19T08:02:31
================================================================================
[2026-04-19T08:03:13.363+0000] {manager.py:893} INFO - 
================================================================================
DAG File Processing Stats

File Path                                 PID    Runtime      # DAGs    # Errors  Last Runtime    Last Run
----------------------------------------  -----  ---------  --------  ----------  --------------  -------------------
/opt/airflow/dags/csv_to_postgres_dag.py                           1           0  0.66s           2026-04-19T08:03:01
================================================================================
[2026-04-19T08:03:43.595+0000] {manager.py:893} INFO - 
================================================================================
DAG File Processing Stats

File Path                                 PID    Runtime      # DAGs    # Errors  Last Runtime    Last Run
----------------------------------------  -----  ---------  --------  ----------  --------------  -------------------
/opt/airflow/dags/csv_to_postgres_dag.py                           1           0  0.66s           2026-04-19T08:03:32
================================================================================
[2026-04-19T08:04:13.775+0000] {manager.py:893} INFO - 
================================================================================
DAG File Processing Stats

File Path                                 PID    Runtime      # DAGs    # Errors  Last Runtime    Last Run
----------------------------------------  -----  ---------  --------  ----------  --------------  -------------------
/opt/airflow/dags/csv_to_postgres_dag.py                           1           0  0.65s           2026-04-19T08:04:03
================================================================================
[2026-04-19T08:04:44.356+0000] {manager.py:893} INFO - 
================================================================================
DAG File Processing Stats

File Path                                 PID    Runtime      # DAGs    # Errors  Last Runtime    Last Run
----------------------------------------  -----  ---------  --------  ----------  --------------  -------------------
/opt/airflow/dags/csv_to_postgres_dag.py                           1           0  0.68s           2026-04-19T08:04:34
================================================================================
[2026-04-19T08:04:44.505+0000] {manager.py:469} INFO - Exiting gracefully upon receiving signal 15
