[2026-04-07T20:54:47.115+0000] {manager.py:470} INFO - Processing files using up to 2 processes at a time 
[2026-04-07T20:54:47.116+0000] {manager.py:471} INFO - Process each file at most once every 30 seconds
[2026-04-07T20:54:47.117+0000] {manager.py:472} INFO - Checking for new files in /opt/airflow/dags every 300 seconds
[2026-04-07T20:54:47.119+0000] {manager.py:737} INFO - Searching for files in /opt/airflow/dags
[2026-04-07T20:54:47.124+0000] {manager.py:740} INFO - There are 1 files in /opt/airflow/dags
[2026-04-07T20:54:47.262+0000] {manager.py:878} INFO - 
================================================================================
DAG File Processing Stats

File Path                                PID  Runtime      # DAGs    # Errors  Last Runtime    Last Run
-------------------------------------  -----  ---------  --------  ----------  --------------  ----------
/opt/airflow/dags/csv_to_postgress.py     46  0.06s             0           0
================================================================================
[2026-04-07T20:55:17.496+0000] {manager.py:878} INFO - 
================================================================================
DAG File Processing Stats

File Path                              PID    Runtime      # DAGs    # Errors  Last Runtime    Last Run
-------------------------------------  -----  ---------  --------  ----------  --------------  -------------------
/opt/airflow/dags/csv_to_postgress.py                           1           0  2.42s           2026-04-07T20:54:49
================================================================================
[2026-04-07T20:55:47.759+0000] {manager.py:878} INFO - 
================================================================================
DAG File Processing Stats

File Path                              PID    Runtime      # DAGs    # Errors  Last Runtime    Last Run
-------------------------------------  -----  ---------  --------  ----------  --------------  -------------------
/opt/airflow/dags/csv_to_postgress.py                           1           0  2.75s           2026-04-07T20:55:22
================================================================================
[2026-04-07T20:56:17.800+0000] {manager.py:878} INFO - 
================================================================================
DAG File Processing Stats

File Path                              PID    Runtime      # DAGs    # Errors  Last Runtime    Last Run
-------------------------------------  -----  ---------  --------  ----------  --------------  -------------------
/opt/airflow/dags/csv_to_postgress.py                           1           0  0.80s           2026-04-07T20:55:53
================================================================================
[2026-04-07T20:56:48.105+0000] {manager.py:878} INFO - 
================================================================================
DAG File Processing Stats

File Path                              PID    Runtime      # DAGs    # Errors  Last Runtime    Last Run
-------------------------------------  -----  ---------  --------  ----------  --------------  -------------------
/opt/airflow/dags/csv_to_postgress.py                           1           0  1.14s           2026-04-07T20:56:24
================================================================================
[2026-04-07T20:57:18.400+0000] {manager.py:878} INFO - 
================================================================================
DAG File Processing Stats

File Path                              PID    Runtime      # DAGs    # Errors  Last Runtime    Last Run
-------------------------------------  -----  ---------  --------  ----------  --------------  -------------------
/opt/airflow/dags/csv_to_postgress.py                           1           0  2.35s           2026-04-07T20:56:57
================================================================================
[2026-04-07T20:57:48.626+0000] {manager.py:878} INFO - 
================================================================================
DAG File Processing Stats

File Path                              PID    Runtime      # DAGs    # Errors  Last Runtime    Last Run
-------------------------------------  -----  ---------  --------  ----------  --------------  -------------------
/opt/airflow/dags/csv_to_postgress.py                           1           0  0.69s           2026-04-07T20:57:28
================================================================================
[2026-04-07T20:58:19.186+0000] {manager.py:878} INFO - 
================================================================================
DAG File Processing Stats

File Path                              PID    Runtime      # DAGs    # Errors  Last Runtime    Last Run
-------------------------------------  -----  ---------  --------  ----------  --------------  -------------------
/opt/airflow/dags/csv_to_postgress.py                           1           0  0.69s           2026-04-07T20:57:59
================================================================================
[2026-04-07T20:58:49.433+0000] {manager.py:878} INFO - 
================================================================================
DAG File Processing Stats

File Path                              PID    Runtime      # DAGs    # Errors  Last Runtime    Last Run
-------------------------------------  -----  ---------  --------  ----------  --------------  -------------------
/opt/airflow/dags/csv_to_postgress.py                           1           0  0.73s           2026-04-07T20:58:30
================================================================================
[2026-04-07T20:59:19.723+0000] {manager.py:878} INFO - 
================================================================================
DAG File Processing Stats

File Path                              PID    Runtime      # DAGs    # Errors  Last Runtime    Last Run
-------------------------------------  -----  ---------  --------  ----------  --------------  -------------------
/opt/airflow/dags/csv_to_postgress.py                           1           0  0.61s           2026-04-07T20:59:01
================================================================================
[2026-04-07T20:59:47.211+0000] {manager.py:737} INFO - Searching for files in /opt/airflow/dags
[2026-04-07T20:59:47.225+0000] {manager.py:740} INFO - There are 1 files in /opt/airflow/dags
[2026-04-07T20:59:49.965+0000] {manager.py:878} INFO - 
================================================================================
DAG File Processing Stats

File Path                              PID    Runtime      # DAGs    # Errors  Last Runtime    Last Run
-------------------------------------  -----  ---------  --------  ----------  --------------  -------------------
/opt/airflow/dags/csv_to_postgress.py                           1           0  0.68s           2026-04-07T20:59:32
================================================================================
[2026-04-07T21:00:20.252+0000] {manager.py:878} INFO - 
================================================================================
DAG File Processing Stats

File Path                              PID    Runtime      # DAGs    # Errors  Last Runtime    Last Run
-------------------------------------  -----  ---------  --------  ----------  --------------  -------------------
/opt/airflow/dags/csv_to_postgress.py                           1           0  0.68s           2026-04-07T21:00:03
================================================================================
[2026-04-07T21:00:50.933+0000] {manager.py:878} INFO - 
================================================================================
DAG File Processing Stats

File Path                              PID    Runtime      # DAGs    # Errors  Last Runtime    Last Run
-------------------------------------  -----  ---------  --------  ----------  --------------  -------------------
/opt/airflow/dags/csv_to_postgress.py                           1           0  0.66s           2026-04-07T21:00:34
================================================================================
[2026-04-07T21:01:21.383+0000] {manager.py:878} INFO - 
================================================================================
DAG File Processing Stats

File Path                              PID    Runtime      # DAGs    # Errors  Last Runtime    Last Run
-------------------------------------  -----  ---------  --------  ----------  --------------  -------------------
/opt/airflow/dags/csv_to_postgress.py                           1           0  0.67s           2026-04-07T21:01:04
================================================================================
[2026-04-07T21:01:51.631+0000] {manager.py:878} INFO - 
================================================================================
DAG File Processing Stats

File Path                              PID    Runtime      # DAGs    # Errors  Last Runtime    Last Run
-------------------------------------  -----  ---------  --------  ----------  --------------  -------------------
/opt/airflow/dags/csv_to_postgress.py                           1           0  0.64s           2026-04-07T21:01:35
================================================================================
[2026-04-07T21:02:21.952+0000] {manager.py:878} INFO - 
================================================================================
DAG File Processing Stats

File Path                              PID    Runtime      # DAGs    # Errors  Last Runtime    Last Run
-------------------------------------  -----  ---------  --------  ----------  --------------  -------------------
/opt/airflow/dags/csv_to_postgress.py                           1           0  0.67s           2026-04-07T21:02:06
================================================================================
[2026-04-07T21:02:52.179+0000] {manager.py:878} INFO - 
================================================================================
DAG File Processing Stats

File Path                              PID    Runtime      # DAGs    # Errors  Last Runtime    Last Run
-------------------------------------  -----  ---------  --------  ----------  --------------  -------------------
/opt/airflow/dags/csv_to_postgress.py                           1           0  0.68s           2026-04-07T21:02:37
================================================================================
[2026-04-07T21:03:22.356+0000] {manager.py:878} INFO - 
================================================================================
DAG File Processing Stats

File Path                              PID    Runtime      # DAGs    # Errors  Last Runtime    Last Run
-------------------------------------  -----  ---------  --------  ----------  --------------  -------------------
/opt/airflow/dags/csv_to_postgress.py                           1           0  0.64s           2026-04-07T21:03:08
================================================================================
[2026-04-07T21:03:53.036+0000] {manager.py:878} INFO - 
================================================================================
DAG File Processing Stats

File Path                              PID    Runtime      # DAGs    # Errors  Last Runtime    Last Run
-------------------------------------  -----  ---------  --------  ----------  --------------  -------------------
/opt/airflow/dags/csv_to_postgress.py                           1           0  0.70s           2026-04-07T21:03:39
================================================================================
[2026-04-07T21:04:23.282+0000] {manager.py:878} INFO - 
================================================================================
DAG File Processing Stats

File Path                              PID    Runtime      # DAGs    # Errors  Last Runtime    Last Run
-------------------------------------  -----  ---------  --------  ----------  --------------  -------------------
/opt/airflow/dags/csv_to_postgress.py                           1           0  0.74s           2026-04-07T21:04:10
================================================================================
[2026-04-07T21:04:47.357+0000] {manager.py:737} INFO - Searching for files in /opt/airflow/dags
[2026-04-07T21:04:47.370+0000] {manager.py:740} INFO - There are 1 files in /opt/airflow/dags
[2026-04-07T21:04:53.458+0000] {manager.py:878} INFO - 
================================================================================
DAG File Processing Stats

File Path                              PID    Runtime      # DAGs    # Errors  Last Runtime    Last Run
-------------------------------------  -----  ---------  --------  ----------  --------------  -------------------
/opt/airflow/dags/csv_to_postgress.py                           1           0  0.80s           2026-04-07T21:04:41
================================================================================
[2026-04-07T21:05:24.081+0000] {manager.py:878} INFO - 
================================================================================
DAG File Processing Stats

File Path                              PID    Runtime      # DAGs    # Errors  Last Runtime    Last Run
-------------------------------------  -----  ---------  --------  ----------  --------------  -------------------
/opt/airflow/dags/csv_to_postgress.py                           1           0  0.66s           2026-04-07T21:05:12
================================================================================
[2026-04-07T21:05:54.352+0000] {manager.py:878} INFO - 
================================================================================
DAG File Processing Stats

File Path                              PID    Runtime      # DAGs    # Errors  Last Runtime    Last Run
-------------------------------------  -----  ---------  --------  ----------  --------------  -------------------
/opt/airflow/dags/csv_to_postgress.py                           1           0  0.74s           2026-04-07T21:05:43
================================================================================
[2026-04-07T21:06:24.622+0000] {manager.py:878} INFO - 
================================================================================
DAG File Processing Stats

File Path                              PID    Runtime      # DAGs    # Errors  Last Runtime    Last Run
-------------------------------------  -----  ---------  --------  ----------  --------------  -------------------
/opt/airflow/dags/csv_to_postgress.py                           1           0  0.67s           2026-04-07T21:06:14
================================================================================
[2026-04-07T21:06:54.863+0000] {manager.py:878} INFO - 
================================================================================
DAG File Processing Stats

File Path                              PID    Runtime      # DAGs    # Errors  Last Runtime    Last Run
-------------------------------------  -----  ---------  --------  ----------  --------------  -------------------
/opt/airflow/dags/csv_to_postgress.py                           1           0  0.64s           2026-04-07T21:06:45
================================================================================
[2026-04-07T21:07:25.043+0000] {manager.py:878} INFO - 
================================================================================
DAG File Processing Stats

File Path                              PID    Runtime      # DAGs    # Errors  Last Runtime    Last Run
-------------------------------------  -----  ---------  --------  ----------  --------------  -------------------
/opt/airflow/dags/csv_to_postgress.py                           1           0  0.64s           2026-04-07T21:07:15
================================================================================
[2026-04-07T21:07:55.631+0000] {manager.py:878} INFO - 
================================================================================
DAG File Processing Stats

File Path                              PID    Runtime      # DAGs    # Errors  Last Runtime    Last Run
-------------------------------------  -----  ---------  --------  ----------  --------------  -------------------
/opt/airflow/dags/csv_to_postgress.py                           1           0  0.68s           2026-04-07T21:07:46
================================================================================
[2026-04-07T21:08:25.792+0000] {manager.py:878} INFO - 
================================================================================
DAG File Processing Stats

File Path                              PID    Runtime      # DAGs    # Errors  Last Runtime    Last Run
-------------------------------------  -----  ---------  --------  ----------  --------------  -------------------
/opt/airflow/dags/csv_to_postgress.py                           1           0  0.61s           2026-04-07T21:08:17
================================================================================
[2026-04-07T21:08:56.440+0000] {manager.py:878} INFO - 
================================================================================
DAG File Processing Stats

File Path                              PID    Runtime      # DAGs    # Errors  Last Runtime    Last Run
-------------------------------------  -----  ---------  --------  ----------  --------------  -------------------
/opt/airflow/dags/csv_to_postgress.py                           1           0  0.64s           2026-04-07T21:08:48
================================================================================
[2026-04-07T21:09:26.891+0000] {manager.py:878} INFO - 
================================================================================
DAG File Processing Stats

File Path                              PID    Runtime      # DAGs    # Errors  Last Runtime    Last Run
-------------------------------------  -----  ---------  --------  ----------  --------------  -------------------
/opt/airflow/dags/csv_to_postgress.py                           1           0  0.62s           2026-04-07T21:09:19
================================================================================
[2026-04-07T21:09:47.462+0000] {manager.py:737} INFO - Searching for files in /opt/airflow/dags
[2026-04-07T21:09:47.477+0000] {manager.py:740} INFO - There are 1 files in /opt/airflow/dags
[2026-04-07T21:09:57.133+0000] {manager.py:878} INFO - 
================================================================================
DAG File Processing Stats

File Path                              PID    Runtime      # DAGs    # Errors  Last Runtime    Last Run
-------------------------------------  -----  ---------  --------  ----------  --------------  -------------------
/opt/airflow/dags/csv_to_postgress.py                           1           0  0.71s           2026-04-07T21:09:50
================================================================================
[2026-04-07T21:10:27.500+0000] {manager.py:878} INFO - 
================================================================================
DAG File Processing Stats

File Path                              PID    Runtime      # DAGs    # Errors  Last Runtime    Last Run
-------------------------------------  -----  ---------  --------  ----------  --------------  -------------------
/opt/airflow/dags/csv_to_postgress.py                           1           0  0.62s           2026-04-07T21:10:20
================================================================================
[2026-04-07T21:10:57.748+0000] {manager.py:878} INFO - 
================================================================================
DAG File Processing Stats

File Path                              PID    Runtime      # DAGs    # Errors  Last Runtime    Last Run
-------------------------------------  -----  ---------  --------  ----------  --------------  -------------------
/opt/airflow/dags/csv_to_postgress.py                           1           0  0.62s           2026-04-07T21:10:51
================================================================================
[2026-04-07T21:11:28.016+0000] {manager.py:878} INFO - 
================================================================================
DAG File Processing Stats

File Path                                PID  Runtime      # DAGs    # Errors  Last Runtime    Last Run
-------------------------------------  -----  ---------  --------  ----------  --------------  -------------------
/opt/airflow/dags/csv_to_postgress.py    124  6.06s             1           0  0.62s           2026-04-07T21:10:51
================================================================================
[2026-04-07T21:11:58.186+0000] {manager.py:878} INFO - 
================================================================================
DAG File Processing Stats

File Path                              PID    Runtime      # DAGs    # Errors  Last Runtime    Last Run
-------------------------------------  -----  ---------  --------  ----------  --------------  -------------------
/opt/airflow/dags/csv_to_postgress.py                           1           0  7.00s           2026-04-07T21:11:28
================================================================================
[2026-04-07T21:12:28.527+0000] {manager.py:878} INFO - 
================================================================================
DAG File Processing Stats

File Path                              PID    Runtime      # DAGs    # Errors  Last Runtime    Last Run
-------------------------------------  -----  ---------  --------  ----------  --------------  -------------------
/opt/airflow/dags/csv_to_postgress.py                           1           0  0.68s           2026-04-07T21:11:59
================================================================================
[2026-04-07T21:12:58.789+0000] {manager.py:878} INFO - 
================================================================================
DAG File Processing Stats

File Path                              PID    Runtime      # DAGs    # Errors  Last Runtime    Last Run
-------------------------------------  -----  ---------  --------  ----------  --------------  -------------------
/opt/airflow/dags/csv_to_postgress.py                           1           0  0.63s           2026-04-07T21:12:30
================================================================================
[2026-04-07T21:13:03.049+0000] {manager.py:452} INFO - Exiting gracefully upon receiving signal 15
[2026-04-10T16:11:53.848+0000] {manager.py:470} INFO - Processing files using up to 2 processes at a time 
[2026-04-10T16:11:53.849+0000] {manager.py:471} INFO - Process each file at most once every 30 seconds
[2026-04-10T16:11:53.852+0000] {manager.py:472} INFO - Checking for new files in /opt/airflow/dags every 300 seconds
[2026-04-10T16:11:53.855+0000] {manager.py:737} INFO - Searching for files in /opt/airflow/dags
[2026-04-10T16:11:53.874+0000] {manager.py:740} INFO - There are 1 files in /opt/airflow/dags
[2026-04-10T16:11:54.048+0000] {manager.py:878} INFO - 
================================================================================
DAG File Processing Stats

File Path                                PID  Runtime      # DAGs    # Errors  Last Runtime    Last Run
-------------------------------------  -----  ---------  --------  ----------  --------------  ----------
/opt/airflow/dags/csv_to_postgress.py     46  0.07s             0           0
================================================================================
[2026-04-10T16:12:24.266+0000] {manager.py:878} INFO - 
================================================================================
DAG File Processing Stats

File Path                              PID    Runtime      # DAGs    # Errors  Last Runtime    Last Run
-------------------------------------  -----  ---------  --------  ----------  --------------  -------------------
/opt/airflow/dags/csv_to_postgress.py                           1           0  2.67s           2026-04-10T16:11:56
================================================================================
[2026-04-10T16:12:54.322+0000] {manager.py:878} INFO - 
================================================================================
DAG File Processing Stats

File Path                              PID    Runtime      # DAGs    # Errors  Last Runtime    Last Run
-------------------------------------  -----  ---------  --------  ----------  --------------  -------------------
/opt/airflow/dags/csv_to_postgress.py                           1           0  1.23s           2026-04-10T16:12:28
================================================================================
[2026-04-10T16:13:24.366+0000] {manager.py:878} INFO - 
================================================================================
DAG File Processing Stats

File Path                              PID    Runtime      # DAGs    # Errors  Last Runtime    Last Run
-------------------------------------  -----  ---------  --------  ----------  --------------  -------------------
/opt/airflow/dags/csv_to_postgress.py                           1           0  1.00s           2026-04-10T16:12:59
================================================================================
[2026-04-10T16:13:55.067+0000] {manager.py:878} INFO - 
================================================================================
DAG File Processing Stats

File Path                              PID    Runtime      # DAGs    # Errors  Last Runtime    Last Run
-------------------------------------  -----  ---------  --------  ----------  --------------  -------------------
/opt/airflow/dags/csv_to_postgress.py                           1           0  2.18s           2026-04-10T16:13:31
================================================================================
[2026-04-10T16:14:25.532+0000] {manager.py:878} INFO - 
================================================================================
DAG File Processing Stats

File Path                              PID    Runtime      # DAGs    # Errors  Last Runtime    Last Run
-------------------------------------  -----  ---------  --------  ----------  --------------  -------------------
/opt/airflow/dags/csv_to_postgress.py                           1           0  4.20s           2026-04-10T16:14:06
================================================================================
