[2026-04-07T20:54:47.220+0000] {processor.py:161} INFO - Started process (PID=46) to work on /opt/airflow/dags/csv_to_postgress.py
[2026-04-07T20:54:47.222+0000] {processor.py:830} INFO - Processing file /opt/airflow/dags/csv_to_postgress.py for tasks to queue
[2026-04-07T20:54:47.225+0000] {logging_mixin.py:188} INFO - [2026-04-07T20:54:47.225+0000] {dagbag.py:545} INFO - Filling up the DagBag from /opt/airflow/dags/csv_to_postgress.py
[2026-04-07T20:54:49.127+0000] {processor.py:840} INFO - DAG(s) 'csv_to_postgres' retrieved from /opt/airflow/dags/csv_to_postgress.py
[2026-04-07T20:54:49.522+0000] {logging_mixin.py:188} INFO - [2026-04-07T20:54:49.521+0000] {override.py:1858} INFO - Created Permission View: can edit on DAG:csv_to_postgres
[2026-04-07T20:54:49.535+0000] {logging_mixin.py:188} INFO - [2026-04-07T20:54:49.535+0000] {override.py:1858} INFO - Created Permission View: can read on DAG:csv_to_postgres
[2026-04-07T20:54:49.547+0000] {logging_mixin.py:188} INFO - [2026-04-07T20:54:49.547+0000] {override.py:1858} INFO - Created Permission View: can delete on DAG:csv_to_postgres
[2026-04-07T20:54:49.548+0000] {logging_mixin.py:188} INFO - [2026-04-07T20:54:49.548+0000] {dag.py:3089} INFO - Sync 1 DAGs
[2026-04-07T20:54:49.567+0000] {logging_mixin.py:188} INFO - [2026-04-07T20:54:49.566+0000] {dag.py:3111} INFO - Creating ORM DAG for csv_to_postgres
[2026-04-07T20:54:49.568+0000] {logging_mixin.py:188} INFO - [2026-04-07T20:54:49.568+0000] {dag.py:3947} INFO - Setting next_dagrun for csv_to_postgres to None, run_after=None
[2026-04-07T20:54:49.594+0000] {processor.py:183} INFO - Processing /opt/airflow/dags/csv_to_postgress.py took 2.382 seconds
[2026-04-07T20:55:20.195+0000] {processor.py:161} INFO - Started process (PID=48) to work on /opt/airflow/dags/csv_to_postgress.py
[2026-04-07T20:55:20.201+0000] {processor.py:830} INFO - Processing file /opt/airflow/dags/csv_to_postgress.py for tasks to queue
[2026-04-07T20:55:20.220+0000] {logging_mixin.py:188} INFO - [2026-04-07T20:55:20.209+0000] {dagbag.py:545} INFO - Filling up the DagBag from /opt/airflow/dags/csv_to_postgress.py
[2026-04-07T20:55:22.284+0000] {processor.py:840} INFO - DAG(s) 'csv_to_postgres' retrieved from /opt/airflow/dags/csv_to_postgress.py
[2026-04-07T20:55:22.530+0000] {logging_mixin.py:188} INFO - [2026-04-07T20:55:22.529+0000] {dag.py:3089} INFO - Sync 1 DAGs
[2026-04-07T20:55:22.660+0000] {logging_mixin.py:188} INFO - [2026-04-07T20:55:22.660+0000] {dag.py:3947} INFO - Setting next_dagrun for csv_to_postgres to None, run_after=None
[2026-04-07T20:55:22.763+0000] {processor.py:183} INFO - Processing /opt/airflow/dags/csv_to_postgress.py took 2.656 seconds
[2026-04-07T20:55:52.858+0000] {processor.py:161} INFO - Started process (PID=50) to work on /opt/airflow/dags/csv_to_postgress.py
[2026-04-07T20:55:52.862+0000] {processor.py:830} INFO - Processing file /opt/airflow/dags/csv_to_postgress.py for tasks to queue
[2026-04-07T20:55:52.872+0000] {logging_mixin.py:188} INFO - [2026-04-07T20:55:52.870+0000] {dagbag.py:545} INFO - Filling up the DagBag from /opt/airflow/dags/csv_to_postgress.py
[2026-04-07T20:55:53.449+0000] {processor.py:840} INFO - DAG(s) 'csv_to_postgres' retrieved from /opt/airflow/dags/csv_to_postgress.py
[2026-04-07T20:55:53.516+0000] {logging_mixin.py:188} INFO - [2026-04-07T20:55:53.516+0000] {dag.py:3089} INFO - Sync 1 DAGs
[2026-04-07T20:55:53.553+0000] {logging_mixin.py:188} INFO - [2026-04-07T20:55:53.553+0000] {dag.py:3947} INFO - Setting next_dagrun for csv_to_postgres to None, run_after=None
[2026-04-07T20:55:53.597+0000] {processor.py:183} INFO - Processing /opt/airflow/dags/csv_to_postgress.py took 0.766 seconds
[2026-04-07T20:56:23.886+0000] {processor.py:161} INFO - Started process (PID=52) to work on /opt/airflow/dags/csv_to_postgress.py
[2026-04-07T20:56:23.888+0000] {processor.py:830} INFO - Processing file /opt/airflow/dags/csv_to_postgress.py for tasks to queue
[2026-04-07T20:56:23.898+0000] {logging_mixin.py:188} INFO - [2026-04-07T20:56:23.896+0000] {dagbag.py:545} INFO - Filling up the DagBag from /opt/airflow/dags/csv_to_postgress.py
[2026-04-07T20:56:24.765+0000] {processor.py:840} INFO - DAG(s) 'csv_to_postgres' retrieved from /opt/airflow/dags/csv_to_postgress.py
[2026-04-07T20:56:24.875+0000] {logging_mixin.py:188} INFO - [2026-04-07T20:56:24.875+0000] {dag.py:3089} INFO - Sync 1 DAGs
[2026-04-07T20:56:24.917+0000] {logging_mixin.py:188} INFO - [2026-04-07T20:56:24.917+0000] {dag.py:3947} INFO - Setting next_dagrun for csv_to_postgres to None, run_after=None
[2026-04-07T20:56:24.978+0000] {processor.py:183} INFO - Processing /opt/airflow/dags/csv_to_postgress.py took 1.111 seconds
[2026-04-07T20:56:55.398+0000] {processor.py:161} INFO - Started process (PID=68) to work on /opt/airflow/dags/csv_to_postgress.py
[2026-04-07T20:56:55.407+0000] {processor.py:830} INFO - Processing file /opt/airflow/dags/csv_to_postgress.py for tasks to queue
[2026-04-07T20:56:55.449+0000] {logging_mixin.py:188} INFO - [2026-04-07T20:56:55.440+0000] {dagbag.py:545} INFO - Filling up the DagBag from /opt/airflow/dags/csv_to_postgress.py
[2026-04-07T20:56:57.086+0000] {processor.py:840} INFO - DAG(s) 'csv_to_postgres' retrieved from /opt/airflow/dags/csv_to_postgress.py
[2026-04-07T20:56:57.297+0000] {logging_mixin.py:188} INFO - [2026-04-07T20:56:57.296+0000] {dag.py:3089} INFO - Sync 1 DAGs
[2026-04-07T20:56:57.416+0000] {logging_mixin.py:188} INFO - [2026-04-07T20:56:57.415+0000] {dag.py:3947} INFO - Setting next_dagrun for csv_to_postgres to None, run_after=None
[2026-04-07T20:56:57.524+0000] {processor.py:183} INFO - Processing /opt/airflow/dags/csv_to_postgress.py took 2.257 seconds
[2026-04-07T20:57:27.804+0000] {processor.py:161} INFO - Started process (PID=70) to work on /opt/airflow/dags/csv_to_postgress.py
[2026-04-07T20:57:27.811+0000] {processor.py:830} INFO - Processing file /opt/airflow/dags/csv_to_postgress.py for tasks to queue
[2026-04-07T20:57:27.819+0000] {logging_mixin.py:188} INFO - [2026-04-07T20:57:27.817+0000] {dagbag.py:545} INFO - Filling up the DagBag from /opt/airflow/dags/csv_to_postgress.py
[2026-04-07T20:57:28.313+0000] {processor.py:840} INFO - DAG(s) 'csv_to_postgres' retrieved from /opt/airflow/dags/csv_to_postgress.py
[2026-04-07T20:57:28.372+0000] {logging_mixin.py:188} INFO - [2026-04-07T20:57:28.371+0000] {dag.py:3089} INFO - Sync 1 DAGs
[2026-04-07T20:57:28.399+0000] {logging_mixin.py:188} INFO - [2026-04-07T20:57:28.399+0000] {dag.py:3947} INFO - Setting next_dagrun for csv_to_postgres to None, run_after=None
[2026-04-07T20:57:28.444+0000] {processor.py:183} INFO - Processing /opt/airflow/dags/csv_to_postgress.py took 0.654 seconds
[2026-04-07T20:57:58.743+0000] {processor.py:161} INFO - Started process (PID=72) to work on /opt/airflow/dags/csv_to_postgress.py
[2026-04-07T20:57:58.745+0000] {processor.py:830} INFO - Processing file /opt/airflow/dags/csv_to_postgress.py for tasks to queue
[2026-04-07T20:57:58.752+0000] {logging_mixin.py:188} INFO - [2026-04-07T20:57:58.751+0000] {dagbag.py:545} INFO - Filling up the DagBag from /opt/airflow/dags/csv_to_postgress.py
[2026-04-07T20:57:59.238+0000] {processor.py:840} INFO - DAG(s) 'csv_to_postgres' retrieved from /opt/airflow/dags/csv_to_postgress.py
[2026-04-07T20:57:59.292+0000] {logging_mixin.py:188} INFO - [2026-04-07T20:57:59.291+0000] {dag.py:3089} INFO - Sync 1 DAGs
[2026-04-07T20:57:59.317+0000] {logging_mixin.py:188} INFO - [2026-04-07T20:57:59.317+0000] {dag.py:3947} INFO - Setting next_dagrun for csv_to_postgres to None, run_after=None
[2026-04-07T20:57:59.370+0000] {processor.py:183} INFO - Processing /opt/airflow/dags/csv_to_postgress.py took 0.642 seconds
[2026-04-07T20:58:29.661+0000] {processor.py:161} INFO - Started process (PID=74) to work on /opt/airflow/dags/csv_to_postgress.py
[2026-04-07T20:58:29.664+0000] {processor.py:830} INFO - Processing file /opt/airflow/dags/csv_to_postgress.py for tasks to queue
[2026-04-07T20:58:29.670+0000] {logging_mixin.py:188} INFO - [2026-04-07T20:58:29.668+0000] {dagbag.py:545} INFO - Filling up the DagBag from /opt/airflow/dags/csv_to_postgress.py
[2026-04-07T20:58:30.213+0000] {processor.py:840} INFO - DAG(s) 'csv_to_postgres' retrieved from /opt/airflow/dags/csv_to_postgress.py
[2026-04-07T20:58:30.273+0000] {logging_mixin.py:188} INFO - [2026-04-07T20:58:30.272+0000] {dag.py:3089} INFO - Sync 1 DAGs
[2026-04-07T20:58:30.302+0000] {logging_mixin.py:188} INFO - [2026-04-07T20:58:30.302+0000] {dag.py:3947} INFO - Setting next_dagrun for csv_to_postgres to None, run_after=None
[2026-04-07T20:58:30.336+0000] {processor.py:183} INFO - Processing /opt/airflow/dags/csv_to_postgress.py took 0.692 seconds
[2026-04-07T20:59:00.593+0000] {processor.py:161} INFO - Started process (PID=76) to work on /opt/airflow/dags/csv_to_postgress.py
[2026-04-07T20:59:00.596+0000] {processor.py:830} INFO - Processing file /opt/airflow/dags/csv_to_postgress.py for tasks to queue
[2026-04-07T20:59:00.603+0000] {logging_mixin.py:188} INFO - [2026-04-07T20:59:00.601+0000] {dagbag.py:545} INFO - Filling up the DagBag from /opt/airflow/dags/csv_to_postgress.py
[2026-04-07T20:59:01.041+0000] {processor.py:840} INFO - DAG(s) 'csv_to_postgres' retrieved from /opt/airflow/dags/csv_to_postgress.py
[2026-04-07T20:59:01.094+0000] {logging_mixin.py:188} INFO - [2026-04-07T20:59:01.093+0000] {dag.py:3089} INFO - Sync 1 DAGs
[2026-04-07T20:59:01.114+0000] {logging_mixin.py:188} INFO - [2026-04-07T20:59:01.114+0000] {dag.py:3947} INFO - Setting next_dagrun for csv_to_postgres to None, run_after=None
[2026-04-07T20:59:01.157+0000] {processor.py:183} INFO - Processing /opt/airflow/dags/csv_to_postgress.py took 0.576 seconds
[2026-04-07T20:59:31.444+0000] {processor.py:161} INFO - Started process (PID=78) to work on /opt/airflow/dags/csv_to_postgress.py
[2026-04-07T20:59:31.447+0000] {processor.py:830} INFO - Processing file /opt/airflow/dags/csv_to_postgress.py for tasks to queue
[2026-04-07T20:59:31.453+0000] {logging_mixin.py:188} INFO - [2026-04-07T20:59:31.452+0000] {dagbag.py:545} INFO - Filling up the DagBag from /opt/airflow/dags/csv_to_postgress.py
[2026-04-07T20:59:31.931+0000] {processor.py:840} INFO - DAG(s) 'csv_to_postgres' retrieved from /opt/airflow/dags/csv_to_postgress.py
[2026-04-07T20:59:31.992+0000] {logging_mixin.py:188} INFO - [2026-04-07T20:59:31.991+0000] {dag.py:3089} INFO - Sync 1 DAGs
[2026-04-07T20:59:32.027+0000] {logging_mixin.py:188} INFO - [2026-04-07T20:59:32.027+0000] {dag.py:3947} INFO - Setting next_dagrun for csv_to_postgres to None, run_after=None
[2026-04-07T20:59:32.067+0000] {processor.py:183} INFO - Processing /opt/airflow/dags/csv_to_postgress.py took 0.640 seconds
[2026-04-07T21:00:02.414+0000] {processor.py:161} INFO - Started process (PID=80) to work on /opt/airflow/dags/csv_to_postgress.py
[2026-04-07T21:00:02.417+0000] {processor.py:830} INFO - Processing file /opt/airflow/dags/csv_to_postgress.py for tasks to queue
[2026-04-07T21:00:02.424+0000] {logging_mixin.py:188} INFO - [2026-04-07T21:00:02.422+0000] {dagbag.py:545} INFO - Filling up the DagBag from /opt/airflow/dags/csv_to_postgress.py
[2026-04-07T21:00:02.913+0000] {processor.py:840} INFO - DAG(s) 'csv_to_postgres' retrieved from /opt/airflow/dags/csv_to_postgress.py
[2026-04-07T21:00:02.969+0000] {logging_mixin.py:188} INFO - [2026-04-07T21:00:02.968+0000] {dag.py:3089} INFO - Sync 1 DAGs
[2026-04-07T21:00:02.995+0000] {logging_mixin.py:188} INFO - [2026-04-07T21:00:02.994+0000] {dag.py:3947} INFO - Setting next_dagrun for csv_to_postgres to None, run_after=None
[2026-04-07T21:00:03.037+0000] {processor.py:183} INFO - Processing /opt/airflow/dags/csv_to_postgress.py took 0.643 seconds
[2026-04-07T21:00:33.384+0000] {processor.py:161} INFO - Started process (PID=82) to work on /opt/airflow/dags/csv_to_postgress.py
[2026-04-07T21:00:33.386+0000] {processor.py:830} INFO - Processing file /opt/airflow/dags/csv_to_postgress.py for tasks to queue
[2026-04-07T21:00:33.393+0000] {logging_mixin.py:188} INFO - [2026-04-07T21:00:33.392+0000] {dagbag.py:545} INFO - Filling up the DagBag from /opt/airflow/dags/csv_to_postgress.py
[2026-04-07T21:00:33.863+0000] {processor.py:840} INFO - DAG(s) 'csv_to_postgres' retrieved from /opt/airflow/dags/csv_to_postgress.py
[2026-04-07T21:00:33.928+0000] {logging_mixin.py:188} INFO - [2026-04-07T21:00:33.927+0000] {dag.py:3089} INFO - Sync 1 DAGs
[2026-04-07T21:00:33.955+0000] {logging_mixin.py:188} INFO - [2026-04-07T21:00:33.955+0000] {dag.py:3947} INFO - Setting next_dagrun for csv_to_postgres to None, run_after=None
[2026-04-07T21:00:33.992+0000] {processor.py:183} INFO - Processing /opt/airflow/dags/csv_to_postgress.py took 0.617 seconds
[2026-04-07T21:01:04.090+0000] {processor.py:161} INFO - Started process (PID=84) to work on /opt/airflow/dags/csv_to_postgress.py
[2026-04-07T21:01:04.093+0000] {processor.py:830} INFO - Processing file /opt/airflow/dags/csv_to_postgress.py for tasks to queue
[2026-04-07T21:01:04.099+0000] {logging_mixin.py:188} INFO - [2026-04-07T21:01:04.098+0000] {dagbag.py:545} INFO - Filling up the DagBag from /opt/airflow/dags/csv_to_postgress.py
[2026-04-07T21:01:04.579+0000] {processor.py:840} INFO - DAG(s) 'csv_to_postgres' retrieved from /opt/airflow/dags/csv_to_postgress.py
[2026-04-07T21:01:04.636+0000] {logging_mixin.py:188} INFO - [2026-04-07T21:01:04.635+0000] {dag.py:3089} INFO - Sync 1 DAGs
[2026-04-07T21:01:04.662+0000] {logging_mixin.py:188} INFO - [2026-04-07T21:01:04.661+0000] {dag.py:3947} INFO - Setting next_dagrun for csv_to_postgres to None, run_after=None
[2026-04-07T21:01:04.707+0000] {processor.py:183} INFO - Processing /opt/airflow/dags/csv_to_postgress.py took 0.631 seconds
[2026-04-07T21:01:35.007+0000] {processor.py:161} INFO - Started process (PID=86) to work on /opt/airflow/dags/csv_to_postgress.py
[2026-04-07T21:01:35.009+0000] {processor.py:830} INFO - Processing file /opt/airflow/dags/csv_to_postgress.py for tasks to queue
[2026-04-07T21:01:35.015+0000] {logging_mixin.py:188} INFO - [2026-04-07T21:01:35.014+0000] {dagbag.py:545} INFO - Filling up the DagBag from /opt/airflow/dags/csv_to_postgress.py
[2026-04-07T21:01:35.471+0000] {processor.py:840} INFO - DAG(s) 'csv_to_postgres' retrieved from /opt/airflow/dags/csv_to_postgress.py
[2026-04-07T21:01:35.524+0000] {logging_mixin.py:188} INFO - [2026-04-07T21:01:35.524+0000] {dag.py:3089} INFO - Sync 1 DAGs
[2026-04-07T21:01:35.549+0000] {logging_mixin.py:188} INFO - [2026-04-07T21:01:35.549+0000] {dag.py:3947} INFO - Setting next_dagrun for csv_to_postgres to None, run_after=None
[2026-04-07T21:01:35.592+0000] {processor.py:183} INFO - Processing /opt/airflow/dags/csv_to_postgress.py took 0.598 seconds
[2026-04-07T21:02:05.801+0000] {processor.py:161} INFO - Started process (PID=88) to work on /opt/airflow/dags/csv_to_postgress.py
[2026-04-07T21:02:05.804+0000] {processor.py:830} INFO - Processing file /opt/airflow/dags/csv_to_postgress.py for tasks to queue
[2026-04-07T21:02:05.810+0000] {logging_mixin.py:188} INFO - [2026-04-07T21:02:05.808+0000] {dagbag.py:545} INFO - Filling up the DagBag from /opt/airflow/dags/csv_to_postgress.py
[2026-04-07T21:02:06.293+0000] {processor.py:840} INFO - DAG(s) 'csv_to_postgres' retrieved from /opt/airflow/dags/csv_to_postgress.py
[2026-04-07T21:02:06.348+0000] {logging_mixin.py:188} INFO - [2026-04-07T21:02:06.347+0000] {dag.py:3089} INFO - Sync 1 DAGs
[2026-04-07T21:02:06.373+0000] {logging_mixin.py:188} INFO - [2026-04-07T21:02:06.373+0000] {dag.py:3947} INFO - Setting next_dagrun for csv_to_postgres to None, run_after=None
[2026-04-07T21:02:06.418+0000] {processor.py:183} INFO - Processing /opt/airflow/dags/csv_to_postgress.py took 0.632 seconds
[2026-04-07T21:02:36.707+0000] {processor.py:161} INFO - Started process (PID=90) to work on /opt/airflow/dags/csv_to_postgress.py
[2026-04-07T21:02:36.715+0000] {processor.py:830} INFO - Processing file /opt/airflow/dags/csv_to_postgress.py for tasks to queue
[2026-04-07T21:02:36.721+0000] {logging_mixin.py:188} INFO - [2026-04-07T21:02:36.720+0000] {dagbag.py:545} INFO - Filling up the DagBag from /opt/airflow/dags/csv_to_postgress.py
[2026-04-07T21:02:37.199+0000] {processor.py:840} INFO - DAG(s) 'csv_to_postgres' retrieved from /opt/airflow/dags/csv_to_postgress.py
[2026-04-07T21:02:37.265+0000] {logging_mixin.py:188} INFO - [2026-04-07T21:02:37.264+0000] {dag.py:3089} INFO - Sync 1 DAGs
[2026-04-07T21:02:37.293+0000] {logging_mixin.py:188} INFO - [2026-04-07T21:02:37.293+0000] {dag.py:3947} INFO - Setting next_dagrun for csv_to_postgres to None, run_after=None
[2026-04-07T21:02:37.340+0000] {processor.py:183} INFO - Processing /opt/airflow/dags/csv_to_postgress.py took 0.647 seconds
[2026-04-07T21:03:07.626+0000] {processor.py:161} INFO - Started process (PID=92) to work on /opt/airflow/dags/csv_to_postgress.py
[2026-04-07T21:03:07.628+0000] {processor.py:830} INFO - Processing file /opt/airflow/dags/csv_to_postgress.py for tasks to queue
[2026-04-07T21:03:07.634+0000] {logging_mixin.py:188} INFO - [2026-04-07T21:03:07.633+0000] {dagbag.py:545} INFO - Filling up the DagBag from /opt/airflow/dags/csv_to_postgress.py
[2026-04-07T21:03:08.083+0000] {processor.py:840} INFO - DAG(s) 'csv_to_postgres' retrieved from /opt/airflow/dags/csv_to_postgress.py
[2026-04-07T21:03:08.145+0000] {logging_mixin.py:188} INFO - [2026-04-07T21:03:08.145+0000] {dag.py:3089} INFO - Sync 1 DAGs
[2026-04-07T21:03:08.170+0000] {logging_mixin.py:188} INFO - [2026-04-07T21:03:08.170+0000] {dag.py:3947} INFO - Setting next_dagrun for csv_to_postgres to None, run_after=None
[2026-04-07T21:03:08.212+0000] {processor.py:183} INFO - Processing /opt/airflow/dags/csv_to_postgress.py took 0.600 seconds
[2026-04-07T21:03:38.514+0000] {processor.py:161} INFO - Started process (PID=94) to work on /opt/airflow/dags/csv_to_postgress.py
[2026-04-07T21:03:38.517+0000] {processor.py:830} INFO - Processing file /opt/airflow/dags/csv_to_postgress.py for tasks to queue
[2026-04-07T21:03:38.524+0000] {logging_mixin.py:188} INFO - [2026-04-07T21:03:38.522+0000] {dagbag.py:545} INFO - Filling up the DagBag from /opt/airflow/dags/csv_to_postgress.py
[2026-04-07T21:03:39.020+0000] {processor.py:840} INFO - DAG(s) 'csv_to_postgres' retrieved from /opt/airflow/dags/csv_to_postgress.py
[2026-04-07T21:03:39.096+0000] {logging_mixin.py:188} INFO - [2026-04-07T21:03:39.096+0000] {dag.py:3089} INFO - Sync 1 DAGs
[2026-04-07T21:03:39.123+0000] {logging_mixin.py:188} INFO - [2026-04-07T21:03:39.123+0000] {dag.py:3947} INFO - Setting next_dagrun for csv_to_postgres to None, run_after=None
[2026-04-07T21:03:39.173+0000] {processor.py:183} INFO - Processing /opt/airflow/dags/csv_to_postgress.py took 0.674 seconds
[2026-04-07T21:04:09.464+0000] {processor.py:161} INFO - Started process (PID=96) to work on /opt/airflow/dags/csv_to_postgress.py
[2026-04-07T21:04:09.466+0000] {processor.py:830} INFO - Processing file /opt/airflow/dags/csv_to_postgress.py for tasks to queue
[2026-04-07T21:04:09.472+0000] {logging_mixin.py:188} INFO - [2026-04-07T21:04:09.471+0000] {dagbag.py:545} INFO - Filling up the DagBag from /opt/airflow/dags/csv_to_postgress.py
[2026-04-07T21:04:10.030+0000] {processor.py:840} INFO - DAG(s) 'csv_to_postgres' retrieved from /opt/airflow/dags/csv_to_postgress.py
[2026-04-07T21:04:10.089+0000] {logging_mixin.py:188} INFO - [2026-04-07T21:04:10.088+0000] {dag.py:3089} INFO - Sync 1 DAGs
[2026-04-07T21:04:10.114+0000] {logging_mixin.py:188} INFO - [2026-04-07T21:04:10.113+0000] {dag.py:3947} INFO - Setting next_dagrun for csv_to_postgres to None, run_after=None
[2026-04-07T21:04:10.149+0000] {processor.py:183} INFO - Processing /opt/airflow/dags/csv_to_postgress.py took 0.700 seconds
[2026-04-07T21:04:40.538+0000] {processor.py:161} INFO - Started process (PID=98) to work on /opt/airflow/dags/csv_to_postgress.py
[2026-04-07T21:04:40.543+0000] {processor.py:830} INFO - Processing file /opt/airflow/dags/csv_to_postgress.py for tasks to queue
[2026-04-07T21:04:40.549+0000] {logging_mixin.py:188} INFO - [2026-04-07T21:04:40.548+0000] {dagbag.py:545} INFO - Filling up the DagBag from /opt/airflow/dags/csv_to_postgress.py
[2026-04-07T21:04:41.169+0000] {processor.py:840} INFO - DAG(s) 'csv_to_postgres' retrieved from /opt/airflow/dags/csv_to_postgress.py
[2026-04-07T21:04:41.221+0000] {logging_mixin.py:188} INFO - [2026-04-07T21:04:41.220+0000] {dag.py:3089} INFO - Sync 1 DAGs
[2026-04-07T21:04:41.250+0000] {logging_mixin.py:188} INFO - [2026-04-07T21:04:41.249+0000] {dag.py:3947} INFO - Setting next_dagrun for csv_to_postgres to None, run_after=None
[2026-04-07T21:04:41.291+0000] {processor.py:183} INFO - Processing /opt/airflow/dags/csv_to_postgress.py took 0.767 seconds
[2026-04-07T21:05:11.663+0000] {processor.py:161} INFO - Started process (PID=100) to work on /opt/airflow/dags/csv_to_postgress.py
[2026-04-07T21:05:11.666+0000] {processor.py:830} INFO - Processing file /opt/airflow/dags/csv_to_postgress.py for tasks to queue
[2026-04-07T21:05:11.672+0000] {logging_mixin.py:188} INFO - [2026-04-07T21:05:11.671+0000] {dagbag.py:545} INFO - Filling up the DagBag from /opt/airflow/dags/csv_to_postgress.py
[2026-04-07T21:05:12.142+0000] {processor.py:840} INFO - DAG(s) 'csv_to_postgres' retrieved from /opt/airflow/dags/csv_to_postgress.py
[2026-04-07T21:05:12.209+0000] {logging_mixin.py:188} INFO - [2026-04-07T21:05:12.208+0000] {dag.py:3089} INFO - Sync 1 DAGs
[2026-04-07T21:05:12.235+0000] {logging_mixin.py:188} INFO - [2026-04-07T21:05:12.235+0000] {dag.py:3947} INFO - Setting next_dagrun for csv_to_postgres to None, run_after=None
[2026-04-07T21:05:12.270+0000] {processor.py:183} INFO - Processing /opt/airflow/dags/csv_to_postgress.py took 0.622 seconds
[2026-04-07T21:05:42.567+0000] {processor.py:161} INFO - Started process (PID=102) to work on /opt/airflow/dags/csv_to_postgress.py
[2026-04-07T21:05:42.569+0000] {processor.py:830} INFO - Processing file /opt/airflow/dags/csv_to_postgress.py for tasks to queue
[2026-04-07T21:05:42.577+0000] {logging_mixin.py:188} INFO - [2026-04-07T21:05:42.574+0000] {dagbag.py:545} INFO - Filling up the DagBag from /opt/airflow/dags/csv_to_postgress.py
[2026-04-07T21:05:43.109+0000] {processor.py:840} INFO - DAG(s) 'csv_to_postgres' retrieved from /opt/airflow/dags/csv_to_postgress.py
[2026-04-07T21:05:43.166+0000] {logging_mixin.py:188} INFO - [2026-04-07T21:05:43.165+0000] {dag.py:3089} INFO - Sync 1 DAGs
[2026-04-07T21:05:43.196+0000] {logging_mixin.py:188} INFO - [2026-04-07T21:05:43.195+0000] {dag.py:3947} INFO - Setting next_dagrun for csv_to_postgres to None, run_after=None
[2026-04-07T21:05:43.249+0000] {processor.py:183} INFO - Processing /opt/airflow/dags/csv_to_postgress.py took 0.692 seconds
[2026-04-07T21:06:13.553+0000] {processor.py:161} INFO - Started process (PID=104) to work on /opt/airflow/dags/csv_to_postgress.py
[2026-04-07T21:06:13.556+0000] {processor.py:830} INFO - Processing file /opt/airflow/dags/csv_to_postgress.py for tasks to queue
[2026-04-07T21:06:13.563+0000] {logging_mixin.py:188} INFO - [2026-04-07T21:06:13.562+0000] {dagbag.py:545} INFO - Filling up the DagBag from /opt/airflow/dags/csv_to_postgress.py
[2026-04-07T21:06:14.045+0000] {processor.py:840} INFO - DAG(s) 'csv_to_postgres' retrieved from /opt/airflow/dags/csv_to_postgress.py
[2026-04-07T21:06:14.105+0000] {logging_mixin.py:188} INFO - [2026-04-07T21:06:14.104+0000] {dag.py:3089} INFO - Sync 1 DAGs
[2026-04-07T21:06:14.133+0000] {logging_mixin.py:188} INFO - [2026-04-07T21:06:14.133+0000] {dag.py:3947} INFO - Setting next_dagrun for csv_to_postgres to None, run_after=None
[2026-04-07T21:06:14.175+0000] {processor.py:183} INFO - Processing /opt/airflow/dags/csv_to_postgress.py took 0.637 seconds
[2026-04-07T21:06:44.478+0000] {processor.py:161} INFO - Started process (PID=106) to work on /opt/airflow/dags/csv_to_postgress.py
[2026-04-07T21:06:44.480+0000] {processor.py:830} INFO - Processing file /opt/airflow/dags/csv_to_postgress.py for tasks to queue
[2026-04-07T21:06:44.486+0000] {logging_mixin.py:188} INFO - [2026-04-07T21:06:44.485+0000] {dagbag.py:545} INFO - Filling up the DagBag from /opt/airflow/dags/csv_to_postgress.py
[2026-04-07T21:06:44.945+0000] {processor.py:840} INFO - DAG(s) 'csv_to_postgres' retrieved from /opt/airflow/dags/csv_to_postgress.py
[2026-04-07T21:06:45.001+0000] {logging_mixin.py:188} INFO - [2026-04-07T21:06:45.000+0000] {dag.py:3089} INFO - Sync 1 DAGs
[2026-04-07T21:06:45.028+0000] {logging_mixin.py:188} INFO - [2026-04-07T21:06:45.028+0000] {dag.py:3947} INFO - Setting next_dagrun for csv_to_postgres to None, run_after=None
[2026-04-07T21:06:45.072+0000] {processor.py:183} INFO - Processing /opt/airflow/dags/csv_to_postgress.py took 0.604 seconds
[2026-04-07T21:07:15.354+0000] {processor.py:161} INFO - Started process (PID=108) to work on /opt/airflow/dags/csv_to_postgress.py
[2026-04-07T21:07:15.357+0000] {processor.py:830} INFO - Processing file /opt/airflow/dags/csv_to_postgress.py for tasks to queue
[2026-04-07T21:07:15.366+0000] {logging_mixin.py:188} INFO - [2026-04-07T21:07:15.364+0000] {dagbag.py:545} INFO - Filling up the DagBag from /opt/airflow/dags/csv_to_postgress.py
[2026-04-07T21:07:15.810+0000] {processor.py:840} INFO - DAG(s) 'csv_to_postgres' retrieved from /opt/airflow/dags/csv_to_postgress.py
[2026-04-07T21:07:15.867+0000] {logging_mixin.py:188} INFO - [2026-04-07T21:07:15.867+0000] {dag.py:3089} INFO - Sync 1 DAGs
[2026-04-07T21:07:15.898+0000] {logging_mixin.py:188} INFO - [2026-04-07T21:07:15.898+0000] {dag.py:3947} INFO - Setting next_dagrun for csv_to_postgres to None, run_after=None
[2026-04-07T21:07:15.951+0000] {processor.py:183} INFO - Processing /opt/airflow/dags/csv_to_postgress.py took 0.611 seconds
[2026-04-07T21:07:46.260+0000] {processor.py:161} INFO - Started process (PID=110) to work on /opt/airflow/dags/csv_to_postgress.py
[2026-04-07T21:07:46.263+0000] {processor.py:830} INFO - Processing file /opt/airflow/dags/csv_to_postgress.py for tasks to queue
[2026-04-07T21:07:46.270+0000] {logging_mixin.py:188} INFO - [2026-04-07T21:07:46.268+0000] {dagbag.py:545} INFO - Filling up the DagBag from /opt/airflow/dags/csv_to_postgress.py
[2026-04-07T21:07:46.755+0000] {processor.py:840} INFO - DAG(s) 'csv_to_postgres' retrieved from /opt/airflow/dags/csv_to_postgress.py
[2026-04-07T21:07:46.821+0000] {logging_mixin.py:188} INFO - [2026-04-07T21:07:46.820+0000] {dag.py:3089} INFO - Sync 1 DAGs
[2026-04-07T21:07:46.846+0000] {logging_mixin.py:188} INFO - [2026-04-07T21:07:46.846+0000] {dag.py:3947} INFO - Setting next_dagrun for csv_to_postgres to None, run_after=None
[2026-04-07T21:07:46.885+0000] {processor.py:183} INFO - Processing /opt/airflow/dags/csv_to_postgress.py took 0.640 seconds
[2026-04-07T21:08:17.144+0000] {processor.py:161} INFO - Started process (PID=112) to work on /opt/airflow/dags/csv_to_postgress.py
[2026-04-07T21:08:17.146+0000] {processor.py:830} INFO - Processing file /opt/airflow/dags/csv_to_postgress.py for tasks to queue
[2026-04-07T21:08:17.152+0000] {logging_mixin.py:188} INFO - [2026-04-07T21:08:17.151+0000] {dagbag.py:545} INFO - Filling up the DagBag from /opt/airflow/dags/csv_to_postgress.py
[2026-04-07T21:08:17.590+0000] {processor.py:840} INFO - DAG(s) 'csv_to_postgres' retrieved from /opt/airflow/dags/csv_to_postgress.py
[2026-04-07T21:08:17.646+0000] {logging_mixin.py:188} INFO - [2026-04-07T21:08:17.646+0000] {dag.py:3089} INFO - Sync 1 DAGs
[2026-04-07T21:08:17.670+0000] {logging_mixin.py:188} INFO - [2026-04-07T21:08:17.669+0000] {dag.py:3947} INFO - Setting next_dagrun for csv_to_postgres to None, run_after=None
[2026-04-07T21:08:17.708+0000] {processor.py:183} INFO - Processing /opt/airflow/dags/csv_to_postgress.py took 0.577 seconds
[2026-04-07T21:08:47.993+0000] {processor.py:161} INFO - Started process (PID=114) to work on /opt/airflow/dags/csv_to_postgress.py
[2026-04-07T21:08:47.995+0000] {processor.py:830} INFO - Processing file /opt/airflow/dags/csv_to_postgress.py for tasks to queue
[2026-04-07T21:08:48.002+0000] {logging_mixin.py:188} INFO - [2026-04-07T21:08:48.000+0000] {dagbag.py:545} INFO - Filling up the DagBag from /opt/airflow/dags/csv_to_postgress.py
[2026-04-07T21:08:48.452+0000] {processor.py:840} INFO - DAG(s) 'csv_to_postgres' retrieved from /opt/airflow/dags/csv_to_postgress.py
[2026-04-07T21:08:48.513+0000] {logging_mixin.py:188} INFO - [2026-04-07T21:08:48.513+0000] {dag.py:3089} INFO - Sync 1 DAGs
[2026-04-07T21:08:48.540+0000] {logging_mixin.py:188} INFO - [2026-04-07T21:08:48.540+0000] {dag.py:3947} INFO - Setting next_dagrun for csv_to_postgres to None, run_after=None
[2026-04-07T21:08:48.582+0000] {processor.py:183} INFO - Processing /opt/airflow/dags/csv_to_postgress.py took 0.606 seconds
[2026-04-07T21:09:18.642+0000] {processor.py:161} INFO - Started process (PID=116) to work on /opt/airflow/dags/csv_to_postgress.py
[2026-04-07T21:09:18.645+0000] {processor.py:830} INFO - Processing file /opt/airflow/dags/csv_to_postgress.py for tasks to queue
[2026-04-07T21:09:18.651+0000] {logging_mixin.py:188} INFO - [2026-04-07T21:09:18.650+0000] {dagbag.py:545} INFO - Filling up the DagBag from /opt/airflow/dags/csv_to_postgress.py
[2026-04-07T21:09:19.094+0000] {processor.py:840} INFO - DAG(s) 'csv_to_postgres' retrieved from /opt/airflow/dags/csv_to_postgress.py
[2026-04-07T21:09:19.148+0000] {logging_mixin.py:188} INFO - [2026-04-07T21:09:19.147+0000] {dag.py:3089} INFO - Sync 1 DAGs
[2026-04-07T21:09:19.173+0000] {logging_mixin.py:188} INFO - [2026-04-07T21:09:19.173+0000] {dag.py:3947} INFO - Setting next_dagrun for csv_to_postgres to None, run_after=None
[2026-04-07T21:09:19.215+0000] {processor.py:183} INFO - Processing /opt/airflow/dags/csv_to_postgress.py took 0.583 seconds
[2026-04-07T21:09:49.537+0000] {processor.py:161} INFO - Started process (PID=118) to work on /opt/airflow/dags/csv_to_postgress.py
[2026-04-07T21:09:49.540+0000] {processor.py:830} INFO - Processing file /opt/airflow/dags/csv_to_postgress.py for tasks to queue
[2026-04-07T21:09:49.546+0000] {logging_mixin.py:188} INFO - [2026-04-07T21:09:49.545+0000] {dagbag.py:545} INFO - Filling up the DagBag from /opt/airflow/dags/csv_to_postgress.py
[2026-04-07T21:09:50.091+0000] {processor.py:840} INFO - DAG(s) 'csv_to_postgres' retrieved from /opt/airflow/dags/csv_to_postgress.py
[2026-04-07T21:09:50.140+0000] {logging_mixin.py:188} INFO - [2026-04-07T21:09:50.140+0000] {dag.py:3089} INFO - Sync 1 DAGs
[2026-04-07T21:09:50.161+0000] {logging_mixin.py:188} INFO - [2026-04-07T21:09:50.161+0000] {dag.py:3947} INFO - Setting next_dagrun for csv_to_postgres to None, run_after=None
[2026-04-07T21:09:50.205+0000] {processor.py:183} INFO - Processing /opt/airflow/dags/csv_to_postgress.py took 0.679 seconds
[2026-04-07T21:10:20.350+0000] {processor.py:161} INFO - Started process (PID=120) to work on /opt/airflow/dags/csv_to_postgress.py
[2026-04-07T21:10:20.353+0000] {processor.py:830} INFO - Processing file /opt/airflow/dags/csv_to_postgress.py for tasks to queue
[2026-04-07T21:10:20.359+0000] {logging_mixin.py:188} INFO - [2026-04-07T21:10:20.358+0000] {dagbag.py:545} INFO - Filling up the DagBag from /opt/airflow/dags/csv_to_postgress.py
[2026-04-07T21:10:20.794+0000] {processor.py:840} INFO - DAG(s) 'csv_to_postgres' retrieved from /opt/airflow/dags/csv_to_postgress.py
[2026-04-07T21:10:20.847+0000] {logging_mixin.py:188} INFO - [2026-04-07T21:10:20.846+0000] {dag.py:3089} INFO - Sync 1 DAGs
[2026-04-07T21:10:20.872+0000] {logging_mixin.py:188} INFO - [2026-04-07T21:10:20.871+0000] {dag.py:3947} INFO - Setting next_dagrun for csv_to_postgres to None, run_after=None
[2026-04-07T21:10:20.914+0000] {processor.py:183} INFO - Processing /opt/airflow/dags/csv_to_postgress.py took 0.579 seconds
[2026-04-07T21:10:51.215+0000] {processor.py:161} INFO - Started process (PID=122) to work on /opt/airflow/dags/csv_to_postgress.py
[2026-04-07T21:10:51.216+0000] {processor.py:830} INFO - Processing file /opt/airflow/dags/csv_to_postgress.py for tasks to queue
[2026-04-07T21:10:51.223+0000] {logging_mixin.py:188} INFO - [2026-04-07T21:10:51.222+0000] {dagbag.py:545} INFO - Filling up the DagBag from /opt/airflow/dags/csv_to_postgress.py
[2026-04-07T21:10:51.663+0000] {processor.py:840} INFO - DAG(s) 'csv_to_postgres' retrieved from /opt/airflow/dags/csv_to_postgress.py
[2026-04-07T21:10:51.720+0000] {logging_mixin.py:188} INFO - [2026-04-07T21:10:51.719+0000] {dag.py:3089} INFO - Sync 1 DAGs
[2026-04-07T21:10:51.745+0000] {logging_mixin.py:188} INFO - [2026-04-07T21:10:51.745+0000] {dag.py:3947} INFO - Setting next_dagrun for csv_to_postgres to None, run_after=None
[2026-04-07T21:10:51.793+0000] {processor.py:183} INFO - Processing /opt/airflow/dags/csv_to_postgress.py took 0.588 seconds
[2026-04-07T21:11:21.978+0000] {processor.py:161} INFO - Started process (PID=124) to work on /opt/airflow/dags/csv_to_postgress.py
[2026-04-07T21:11:21.980+0000] {processor.py:830} INFO - Processing file /opt/airflow/dags/csv_to_postgress.py for tasks to queue
[2026-04-07T21:11:21.986+0000] {logging_mixin.py:188} INFO - [2026-04-07T21:11:21.985+0000] {dagbag.py:545} INFO - Filling up the DagBag from /opt/airflow/dags/csv_to_postgress.py
[2026-04-07T21:11:22.472+0000] {processor.py:840} INFO - DAG(s) 'csv_to_postgres' retrieved from /opt/airflow/dags/csv_to_postgress.py
[2026-04-07T21:11:22.524+0000] {logging_mixin.py:188} INFO - [2026-04-07T21:11:22.524+0000] {dag.py:3089} INFO - Sync 1 DAGs
[2026-04-07T21:11:22.549+0000] {logging_mixin.py:188} INFO - [2026-04-07T21:11:22.549+0000] {dag.py:3947} INFO - Setting next_dagrun for csv_to_postgres to None, run_after=None
[2026-04-07T21:11:28.938+0000] {processor.py:183} INFO - Processing /opt/airflow/dags/csv_to_postgress.py took 6.969 seconds
[2026-04-07T21:11:59.247+0000] {processor.py:161} INFO - Started process (PID=126) to work on /opt/airflow/dags/csv_to_postgress.py
[2026-04-07T21:11:59.249+0000] {processor.py:830} INFO - Processing file /opt/airflow/dags/csv_to_postgress.py for tasks to queue
[2026-04-07T21:11:59.255+0000] {logging_mixin.py:188} INFO - [2026-04-07T21:11:59.254+0000] {dagbag.py:545} INFO - Filling up the DagBag from /opt/airflow/dags/csv_to_postgress.py
[2026-04-07T21:11:59.717+0000] {processor.py:840} INFO - DAG(s) 'csv_to_postgres' retrieved from /opt/airflow/dags/csv_to_postgress.py
[2026-04-07T21:11:59.784+0000] {logging_mixin.py:188} INFO - [2026-04-07T21:11:59.783+0000] {dag.py:3089} INFO - Sync 1 DAGs
[2026-04-07T21:11:59.816+0000] {logging_mixin.py:188} INFO - [2026-04-07T21:11:59.815+0000] {dag.py:3947} INFO - Setting next_dagrun for csv_to_postgres to None, run_after=None
[2026-04-07T21:11:59.862+0000] {processor.py:183} INFO - Processing /opt/airflow/dags/csv_to_postgress.py took 0.638 seconds
[2026-04-07T21:12:30.150+0000] {processor.py:161} INFO - Started process (PID=128) to work on /opt/airflow/dags/csv_to_postgress.py
[2026-04-07T21:12:30.152+0000] {processor.py:830} INFO - Processing file /opt/airflow/dags/csv_to_postgress.py for tasks to queue
[2026-04-07T21:12:30.157+0000] {logging_mixin.py:188} INFO - [2026-04-07T21:12:30.156+0000] {dagbag.py:545} INFO - Filling up the DagBag from /opt/airflow/dags/csv_to_postgress.py
[2026-04-07T21:12:30.620+0000] {processor.py:840} INFO - DAG(s) 'csv_to_postgres' retrieved from /opt/airflow/dags/csv_to_postgress.py
[2026-04-07T21:12:30.672+0000] {logging_mixin.py:188} INFO - [2026-04-07T21:12:30.672+0000] {dag.py:3089} INFO - Sync 1 DAGs
[2026-04-07T21:12:30.699+0000] {logging_mixin.py:188} INFO - [2026-04-07T21:12:30.698+0000] {dag.py:3947} INFO - Setting next_dagrun for csv_to_postgres to None, run_after=None
[2026-04-07T21:12:30.743+0000] {processor.py:183} INFO - Processing /opt/airflow/dags/csv_to_postgress.py took 0.603 seconds
[2026-04-07T21:13:00.852+0000] {processor.py:161} INFO - Started process (PID=130) to work on /opt/airflow/dags/csv_to_postgress.py
[2026-04-07T21:13:00.855+0000] {processor.py:830} INFO - Processing file /opt/airflow/dags/csv_to_postgress.py for tasks to queue
[2026-04-07T21:13:00.861+0000] {logging_mixin.py:188} INFO - [2026-04-07T21:13:00.860+0000] {dagbag.py:545} INFO - Filling up the DagBag from /opt/airflow/dags/csv_to_postgress.py
[2026-04-07T21:13:01.339+0000] {processor.py:840} INFO - DAG(s) 'csv_to_postgres' retrieved from /opt/airflow/dags/csv_to_postgress.py
[2026-04-07T21:13:01.400+0000] {logging_mixin.py:188} INFO - [2026-04-07T21:13:01.399+0000] {dag.py:3089} INFO - Sync 1 DAGs
[2026-04-07T21:13:01.427+0000] {logging_mixin.py:188} INFO - [2026-04-07T21:13:01.426+0000] {dag.py:3947} INFO - Setting next_dagrun for csv_to_postgres to None, run_after=None
[2026-04-07T21:13:01.467+0000] {processor.py:183} INFO - Processing /opt/airflow/dags/csv_to_postgress.py took 0.634 seconds
