[2026-04-19T07:48:00.578+0000] {taskinstance.py:1157} INFO - Dependencies all met for dep_context=non-requeueable deps ti=<TaskInstance: csv_to_postgres.load_csv_to_postgres manual__2026-04-19T07:47:52.698679+00:00 [queued]>
[2026-04-19T07:48:00.590+0000] {taskinstance.py:1157} INFO - Dependencies all met for dep_context=requeueable deps ti=<TaskInstance: csv_to_postgres.load_csv_to_postgres manual__2026-04-19T07:47:52.698679+00:00 [queued]>
[2026-04-19T07:48:00.591+0000] {taskinstance.py:1359} INFO - Starting attempt 1 of 1
[2026-04-19T07:48:00.610+0000] {taskinstance.py:1380} INFO - Executing <Task(PythonOperator): load_csv_to_postgres> on 2026-04-19 07:47:52.698679+00:00
[2026-04-19T07:48:00.618+0000] {standard_task_runner.py:57} INFO - Started process 185 to run task
[2026-04-19T07:48:00.621+0000] {standard_task_runner.py:84} INFO - Running: ['airflow', 'tasks', 'run', 'csv_to_postgres', 'load_csv_to_postgres', 'manual__2026-04-19T07:47:52.698679+00:00', '--job-id', '8', '--raw', '--subdir', 'DAGS_FOLDER/csv_to_postgres_dag.py', '--cfg-path', '/tmp/tmpdb1orra5']
[2026-04-19T07:48:00.624+0000] {standard_task_runner.py:85} INFO - Job 8: Subtask load_csv_to_postgres
[2026-04-19T07:48:00.702+0000] {task_command.py:415} INFO - Running <TaskInstance: csv_to_postgres.load_csv_to_postgres manual__2026-04-19T07:47:52.698679+00:00 [running]> on host 1c6f91c88371
[2026-04-19T07:48:00.876+0000] {taskinstance.py:1660} INFO - Exporting env vars: AIRFLOW_CTX_DAG_OWNER='airflow' AIRFLOW_CTX_DAG_ID='csv_to_postgres' AIRFLOW_CTX_TASK_ID='load_csv_to_postgres' AIRFLOW_CTX_EXECUTION_DATE='2026-04-19T07:47:52.698679+00:00' AIRFLOW_CTX_TRY_NUMBER='1' AIRFLOW_CTX_DAG_RUN_ID='manual__2026-04-19T07:47:52.698679+00:00'
[2026-04-19T07:48:01.039+0000] {csv_to_postgres_dag.py:14} INFO - Loaded CSV with 90836 rows.
[2026-04-19T07:48:01.185+0000] {base.py:73} INFO - Using connection ID 'neo_postgres' for task execution.
[2026-04-19T07:48:08.000+0000] {taskinstance.py:1935} ERROR - Task failed with exception
Traceback (most recent call last):
  File "/home/airflow/.local/lib/python3.8/site-packages/airflow/operators/python.py", line 192, in execute
    return_value = self.execute_callable()
  File "/home/airflow/.local/lib/python3.8/site-packages/airflow/operators/python.py", line 209, in execute_callable
    return self.python_callable(*self.op_args, **self.op_kwargs)
  File "/opt/airflow/dags/csv_to_postgres_dag.py", line 51, in load_csv_to_postgres
    cursor.executemany(insert_sql, rows)
psycopg2.errors.UndefinedColumn: column "relative_valocity" of relation "NearEarthObject" does not exist
LINE 4:             relative_valocity, miss_distance, orbiting_body,
                    ^

[2026-04-19T07:48:08.027+0000] {taskinstance.py:1398} INFO - Marking task as FAILED. dag_id=csv_to_postgres, task_id=load_csv_to_postgres, execution_date=20260419T074752, start_date=20260419T074800, end_date=20260419T074808
[2026-04-19T07:48:08.057+0000] {standard_task_runner.py:104} ERROR - Failed to execute job 8 for task load_csv_to_postgres (column "relative_valocity" of relation "NearEarthObject" does not exist
LINE 4:             relative_valocity, miss_distance, orbiting_body,
                    ^
; 185)
[2026-04-19T07:48:08.081+0000] {local_task_job_runner.py:228} INFO - Task exited with return code 1
[2026-04-19T07:48:08.118+0000] {taskinstance.py:2776} INFO - 0 downstream tasks scheduled from follow-on schedule check
